main.c:27:5:main	8	static
main.c:53:6:SystemClock_ConfigHSE	88	static
main.c:137:6:GPIO_Init	32	static
main.c:151:6:UART2_Init	8	static
main.c:169:6:CAN_Init	8	static
main.c:193:6:CAN_Filter_Config	48	static
main.c:214:6:CAN1_Tx	48	static
main.c:255:6:HAL_CAN_TxMailbox0CompleteCallback	72	static
main.c:264:6:HAL_CAN_TxMailbox1CompleteCallback	72	static
main.c:273:6:HAL_CAN_TxMailbox2CompleteCallback	72	static
main.c:282:6:HAL_CAN_RxFifo0MsgPendingCallback	104	static
main.c:299:6:HAL_CAN_ErrorCallback	72	static
main.c:309:6:Error_handler	4	static
