main.c:33:5:main	8	static
main.c:59:6:SystemClock_ConfigHSE	88	static
main.c:143:6:GPIO_Init	56	static
main.c:164:6:UART2_Init	8	static
main.c:182:6:CAN_Init	8	static
main.c:206:6:CAN_Filter_Config	48	static
main.c:228:6:CAN1_Tx	40	static
main.c:283:6:HAL_CAN_TxMailbox0CompleteCallback	72	static
main.c:292:6:HAL_CAN_TxMailbox1CompleteCallback	72	static
main.c:301:6:HAL_CAN_TxMailbox2CompleteCallback	72	static
main.c:310:6:HAL_CAN_RxFifo0MsgPendingCallback	80	static
main.c:343:6:HAL_CAN_ErrorCallback	72	static
main.c:353:6:TIMER6_Init	8	static
main.c:365:6:send_respose	48	static
main.c:381:6:led_manage_output	16	static
main.c:412:6:HAL_TIM_PeriodElapsedCallback	48	static
main.c:443:6:Error_handler	4	static
