Archive member included to satisfy reference by file (symbol)

c:/st/stm32cubeide_1.7.0/stm32cubeide/plugins/com.st.stm32cube.ide.mcu.externaltools.gnu-tools-for-stm32.9-2020-q2-update.win32_2.0.0.202105311346/tools/bin/../lib/gcc/arm-none-eabi/9.3.1/../../../../arm-none-eabi/lib/thumb/v7e-m+fp/hard\libc_nano.a(lib_a-errno.o)
                              ./Core/Src/syscalls.o (__errno)
c:/st/stm32cubeide_1.7.0/stm32cubeide/plugins/com.st.stm32cube.ide.mcu.externaltools.gnu-tools-for-stm32.9-2020-q2-update.win32_2.0.0.202105311346/tools/bin/../lib/gcc/arm-none-eabi/9.3.1/../../../../arm-none-eabi/lib/thumb/v7e-m+fp/hard\libc_nano.a(lib_a-exit.o)
                              c:/st/stm32cubeide_1.7.0/stm32cubeide/plugins/com.st.stm32cube.ide.mcu.externaltools.gnu-tools-for-stm32.9-2020-q2-update.win32_2.0.0.202105311346/tools/bin/../lib/gcc/arm-none-eabi/9.3.1/../../../../arm-none-eabi/lib/thumb/v7e-m+fp/hard/crt0.o (exit)
c:/st/stm32cubeide_1.7.0/stm32cubeide/plugins/com.st.stm32cube.ide.mcu.externaltools.gnu-tools-for-stm32.9-2020-q2-update.win32_2.0.0.202105311346/tools/bin/../lib/gcc/arm-none-eabi/9.3.1/../../../../arm-none-eabi/lib/thumb/v7e-m+fp/hard\libc_nano.a(lib_a-impure.o)
                              c:/st/stm32cubeide_1.7.0/stm32cubeide/plugins/com.st.stm32cube.ide.mcu.externaltools.gnu-tools-for-stm32.9-2020-q2-update.win32_2.0.0.202105311346/tools/bin/../lib/gcc/arm-none-eabi/9.3.1/../../../../arm-none-eabi/lib/thumb/v7e-m+fp/hard\libc_nano.a(lib_a-exit.o) (_global_impure_ptr)
c:/st/stm32cubeide_1.7.0/stm32cubeide/plugins/com.st.stm32cube.ide.mcu.externaltools.gnu-tools-for-stm32.9-2020-q2-update.win32_2.0.0.202105311346/tools/bin/../lib/gcc/arm-none-eabi/9.3.1/../../../../arm-none-eabi/lib/thumb/v7e-m+fp/hard\libc_nano.a(lib_a-init.o)
                              c:/st/stm32cubeide_1.7.0/stm32cubeide/plugins/com.st.stm32cube.ide.mcu.externaltools.gnu-tools-for-stm32.9-2020-q2-update.win32_2.0.0.202105311346/tools/bin/../lib/gcc/arm-none-eabi/9.3.1/../../../../arm-none-eabi/lib/thumb/v7e-m+fp/hard/crt0.o (__libc_init_array)
c:/st/stm32cubeide_1.7.0/stm32cubeide/plugins/com.st.stm32cube.ide.mcu.externaltools.gnu-tools-for-stm32.9-2020-q2-update.win32_2.0.0.202105311346/tools/bin/../lib/gcc/arm-none-eabi/9.3.1/../../../../arm-none-eabi/lib/thumb/v7e-m+fp/hard\libc_nano.a(lib_a-memset.o)
                              c:/st/stm32cubeide_1.7.0/stm32cubeide/plugins/com.st.stm32cube.ide.mcu.externaltools.gnu-tools-for-stm32.9-2020-q2-update.win32_2.0.0.202105311346/tools/bin/../lib/gcc/arm-none-eabi/9.3.1/../../../../arm-none-eabi/lib/thumb/v7e-m+fp/hard/crt0.o (memset)
c:/st/stm32cubeide_1.7.0/stm32cubeide/plugins/com.st.stm32cube.ide.mcu.externaltools.gnu-tools-for-stm32.9-2020-q2-update.win32_2.0.0.202105311346/tools/bin/../lib/gcc/arm-none-eabi/9.3.1/../../../../arm-none-eabi/lib/thumb/v7e-m+fp/hard\libc_nano.a(lib_a-strlen.o)
                              ./Core/Src/main.o (strlen)
c:/st/stm32cubeide_1.7.0/stm32cubeide/plugins/com.st.stm32cube.ide.mcu.externaltools.gnu-tools-for-stm32.9-2020-q2-update.win32_2.0.0.202105311346/tools/bin/../lib/gcc/arm-none-eabi/9.3.1/thumb/v7e-m+fp/hard\libgcc.a(_aeabi_uldivmod.o)
                              ./Drivers/STM32F4xx_HAL_Driver/Src/stm32f4xx_hal_rcc.o (__aeabi_uldivmod)
c:/st/stm32cubeide_1.7.0/stm32cubeide/plugins/com.st.stm32cube.ide.mcu.externaltools.gnu-tools-for-stm32.9-2020-q2-update.win32_2.0.0.202105311346/tools/bin/../lib/gcc/arm-none-eabi/9.3.1/thumb/v7e-m+fp/hard\libgcc.a(_udivmoddi4.o)
                              c:/st/stm32cubeide_1.7.0/stm32cubeide/plugins/com.st.stm32cube.ide.mcu.externaltools.gnu-tools-for-stm32.9-2020-q2-update.win32_2.0.0.202105311346/tools/bin/../lib/gcc/arm-none-eabi/9.3.1/thumb/v7e-m+fp/hard\libgcc.a(_aeabi_uldivmod.o) (__udivmoddi4)
c:/st/stm32cubeide_1.7.0/stm32cubeide/plugins/com.st.stm32cube.ide.mcu.externaltools.gnu-tools-for-stm32.9-2020-q2-update.win32_2.0.0.202105311346/tools/bin/../lib/gcc/arm-none-eabi/9.3.1/thumb/v7e-m+fp/hard\libgcc.a(_dvmd_tls.o)
                              c:/st/stm32cubeide_1.7.0/stm32cubeide/plugins/com.st.stm32cube.ide.mcu.externaltools.gnu-tools-for-stm32.9-2020-q2-update.win32_2.0.0.202105311346/tools/bin/../lib/gcc/arm-none-eabi/9.3.1/thumb/v7e-m+fp/hard\libgcc.a(_aeabi_uldivmod.o) (__aeabi_ldiv0)

Allocating common symbols
Common symbol       size              file

uwTick              0x4               ./Drivers/STM32F4xx_HAL_Driver/Src/stm32f4xx_hal.o
pFlash              0x20              ./Drivers/STM32F4xx_HAL_Driver/Src/stm32f4xx_hal_flash.o
received_data       0x1               ./Core/Src/main.o
huart2              0x44              ./Core/Src/main.o
data_buffer         0x64              ./Core/Src/main.o

Discarded input sections

[...]
Memory Configuration

Name             Origin             Length             Attributes
CCMRAM           0x0000000010000000 0x0000000000010000 xrw
RAM              0x0000000020000000 0x0000000000020000 xrw
FLASH            0x0000000008000000 0x0000000000100000 xr
*default*        0x0000000000000000 0xffffffffffffffff

Linker script and memory map

LOAD c:/st/stm32cubeide_1.7.0/stm32cubeide/plugins/com.st.stm32cube.ide.mcu.externaltools.gnu-tools-for-stm32.9-2020-q2-update.win32_2.0.0.202105311346/tools/bin/../lib/gcc/arm-none-eabi/9.3.1/thumb/v7e-m+fp/hard/crti.o
LOAD c:/st/stm32cubeide_1.7.0/stm32cubeide/plugins/com.st.stm32cube.ide.mcu.externaltools.gnu-tools-for-stm32.9-2020-q2-update.win32_2.0.0.202105311346/tools/bin/../lib/gcc/arm-none-eabi/9.3.1/thumb/v7e-m+fp/hard/crtbegin.o
LOAD c:/st/stm32cubeide_1.7.0/stm32cubeide/plugins/com.st.stm32cube.ide.mcu.externaltools.gnu-tools-for-stm32.9-2020-q2-update.win32_2.0.0.202105311346/tools/bin/../lib/gcc/arm-none-eabi/9.3.1/../../../../arm-none-eabi/lib/thumb/v7e-m+fp/hard/crt0.o
LOAD ./Core/Src/it.o
LOAD ./Core/Src/main.o
LOAD ./Core/Src/msp.o
LOAD ./Core/Src/syscalls.o
LOAD ./Core/Src/sysmem.o
LOAD ./Core/Src/system_stm32f4xx.o
LOAD ./Core/Startup/startup_stm32f407vgtx.o
LOAD ./Drivers/STM32F4xx_HAL_Driver/Src/stm32f4xx_hal.o
LOAD ./Drivers/STM32F4xx_HAL_Driver/Src/stm32f4xx_hal_cortex.o
LOAD ./Drivers/STM32F4xx_HAL_Driver/Src/stm32f4xx_hal_dma.o
LOAD ./Drivers/STM32F4xx_HAL_Driver/Src/stm32f4xx_hal_dma_ex.o
LOAD ./Drivers/STM32F4xx_HAL_Driver/Src/stm32f4xx_hal_exti.o
LOAD ./Drivers/STM32F4xx_HAL_Driver/Src/stm32f4xx_hal_flash.o
LOAD ./Drivers/STM32F4xx_HAL_Driver/Src/stm32f4xx_hal_flash_ex.o
LOAD ./Drivers/STM32F4xx_HAL_Driver/Src/stm32f4xx_hal_flash_ramfunc.o
LOAD ./Drivers/STM32F4xx_HAL_Driver/Src/stm32f4xx_hal_gpio.o
LOAD ./Drivers/STM32F4xx_HAL_Driver/Src/stm32f4xx_hal_pwr.o
LOAD ./Drivers/STM32F4xx_HAL_Driver/Src/stm32f4xx_hal_pwr_ex.o
LOAD ./Drivers/STM32F4xx_HAL_Driver/Src/stm32f4xx_hal_rcc.o
LOAD ./Drivers/STM32F4xx_HAL_Driver/Src/stm32f4xx_hal_rcc_ex.o
LOAD ./Drivers/STM32F4xx_HAL_Driver/Src/stm32f4xx_hal_tim.o
LOAD ./Drivers/STM32F4xx_HAL_Driver/Src/stm32f4xx_hal_tim_ex.o
LOAD ./Drivers/STM32F4xx_HAL_Driver/Src/stm32f4xx_hal_uart.o
START GROUP
LOAD c:/st/stm32cubeide_1.7.0/stm32cubeide/plugins/com.st.stm32cube.ide.mcu.externaltools.gnu-tools-for-stm32.9-2020-q2-update.win32_2.0.0.202105311346/tools/bin/../lib/gcc/arm-none-eabi/9.3.1/../../../../arm-none-eabi/lib/thumb/v7e-m+fp/hard\libc_nano.a
LOAD c:/st/stm32cubeide_1.7.0/stm32cubeide/plugins/com.st.stm32cube.ide.mcu.externaltools.gnu-tools-for-stm32.9-2020-q2-update.win32_2.0.0.202105311346/tools/bin/../lib/gcc/arm-none-eabi/9.3.1/../../../../arm-none-eabi/lib/thumb/v7e-m+fp/hard\libm.a
END GROUP
START GROUP
LOAD c:/st/stm32cubeide_1.7.0/stm32cubeide/plugins/com.st.stm32cube.ide.mcu.externaltools.gnu-tools-for-stm32.9-2020-q2-update.win32_2.0.0.202105311346/tools/bin/../lib/gcc/arm-none-eabi/9.3.1/thumb/v7e-m+fp/hard\libgcc.a
LOAD c:/st/stm32cubeide_1.7.0/stm32cubeide/plugins/com.st.stm32cube.ide.mcu.externaltools.gnu-tools-for-stm32.9-2020-q2-update.win32_2.0.0.202105311346/tools/bin/../lib/gcc/arm-none-eabi/9.3.1/../../../../arm-none-eabi/lib/thumb/v7e-m+fp/hard\libc_nano.a
END GROUP
START GROUP
LOAD c:/st/stm32cubeide_1.7.0/stm32cubeide/plugins/com.st.stm32cube.ide.mcu.externaltools.gnu-tools-for-stm32.9-2020-q2-update.win32_2.0.0.202105311346/tools/bin/../lib/gcc/arm-none-eabi/9.3.1/thumb/v7e-m+fp/hard\libgcc.a
LOAD c:/st/stm32cubeide_1.7.0/stm32cubeide/plugins/com.st.stm32cube.ide.mcu.externaltools.gnu-tools-for-stm32.9-2020-q2-update.win32_2.0.0.202105311346/tools/bin/../lib/gcc/arm-none-eabi/9.3.1/../../../../arm-none-eabi/lib/thumb/v7e-m+fp/hard\libc_nano.a
LOAD c:/st/stm32cubeide_1.7.0/stm32cubeide/plugins/com.st.stm32cube.ide.mcu.externaltools.gnu-tools-for-stm32.9-2020-q2-update.win32_2.0.0.202105311346/tools/bin/../lib/gcc/arm-none-eabi/9.3.1/../../../../arm-none-eabi/lib/thumb/v7e-m+fp/hard\libnosys.a
END GROUP
START GROUP
LOAD c:/st/stm32cubeide_1.7.0/stm32cubeide/plugins/com.st.stm32cube.ide.mcu.externaltools.gnu-tools-for-stm32.9-2020-q2-update.win32_2.0.0.202105311346/tools/bin/../lib/gcc/arm-none-eabi/9.3.1/thumb/v7e-m+fp/hard\libgcc.a
LOAD c:/st/stm32cubeide_1.7.0/stm32cubeide/plugins/com.st.stm32cube.ide.mcu.externaltools.gnu-tools-for-stm32.9-2020-q2-update.win32_2.0.0.202105311346/tools/bin/../lib/gcc/arm-none-eabi/9.3.1/../../../../arm-none-eabi/lib/thumb/v7e-m+fp/hard\libc_nano.a
LOAD c:/st/stm32cubeide_1.7.0/stm32cubeide/plugins/com.st.stm32cube.ide.mcu.externaltools.gnu-tools-for-stm32.9-2020-q2-update.win32_2.0.0.202105311346/tools/bin/../lib/gcc/arm-none-eabi/9.3.1/../../../../arm-none-eabi/lib/thumb/v7e-m+fp/hard\libnosys.a
END GROUP
LOAD c:/st/stm32cubeide_1.7.0/stm32cubeide/plugins/com.st.stm32cube.ide.mcu.externaltools.gnu-tools-for-stm32.9-2020-q2-update.win32_2.0.0.202105311346/tools/bin/../lib/gcc/arm-none-eabi/9.3.1/thumb/v7e-m+fp/hard/crtend.o
LOAD c:/st/stm32cubeide_1.7.0/stm32cubeide/plugins/com.st.stm32cube.ide.mcu.externaltools.gnu-tools-for-stm32.9-2020-q2-update.win32_2.0.0.202105311346/tools/bin/../lib/gcc/arm-none-eabi/9.3.1/thumb/v7e-m+fp/hard/crtn.o
                0x0000000020020000                _estack = (ORIGIN (RAM) + LENGTH (RAM))
                0x0000000000000200                _Min_Heap_Size = 0x200
                0x0000000000000400                _Min_Stack_Size = 0x400

.isr_vector     0x0000000008000000      0x188
                0x0000000008000000                . = ALIGN (0x4)
 *(.isr_vector)
 .isr_vector    0x0000000008000000      0x188 ./Core/Startup/startup_stm32f407vgtx.o
                0x0000000008000000                g_pfnVectors
                0x0000000008000188                . = ALIGN (0x4)

.text           0x0000000008000188     0x1e18
                0x0000000008000188                . = ALIGN (0x4)
 *(.text)
 .text          0x0000000008000188       0x40 c:/st/stm32cubeide_1.7.0/stm32cubeide/plugins/com.st.stm32cube.ide.mcu.externaltools.gnu-tools-for-stm32.9-2020-q2-update.win32_2.0.0.202105311346/tools/bin/../lib/gcc/arm-none-eabi/9.3.1/thumb/v7e-m+fp/hard/crtbegin.o
 .text          0x00000000080001c8       0x10 c:/st/stm32cubeide_1.7.0/stm32cubeide/plugins/com.st.stm32cube.ide.mcu.externaltools.gnu-tools-for-stm32.9-2020-q2-update.win32_2.0.0.202105311346/tools/bin/../lib/gcc/arm-none-eabi/9.3.1/../../../../arm-none-eabi/lib/thumb/v7e-m+fp/hard\libc_nano.a(lib_a-strlen.o)
                0x00000000080001c8                strlen
 .text          0x00000000080001d8       0x30 c:/st/stm32cubeide_1.7.0/stm32cubeide/plugins/com.st.stm32cube.ide.mcu.externaltools.gnu-tools-for-stm32.9-2020-q2-update.win32_2.0.0.202105311346/tools/bin/../lib/gcc/arm-none-eabi/9.3.1/thumb/v7e-m+fp/hard\libgcc.a(_aeabi_uldivmod.o)
                0x00000000080001d8                __aeabi_uldivmod
 .text          0x0000000008000208      0x2c4 c:/st/stm32cubeide_1.7.0/stm32cubeide/plugins/com.st.stm32cube.ide.mcu.externaltools.gnu-tools-for-stm32.9-2020-q2-update.win32_2.0.0.202105311346/tools/bin/../lib/gcc/arm-none-eabi/9.3.1/thumb/v7e-m+fp/hard\libgcc.a(_udivmoddi4.o)
                0x0000000008000208                __udivmoddi4
 .text          0x00000000080004cc        0x4 c:/st/stm32cubeide_1.7.0/stm32cubeide/plugins/com.st.stm32cube.ide.mcu.externaltools.gnu-tools-for-stm32.9-2020-q2-update.win32_2.0.0.202105311346/tools/bin/../lib/gcc/arm-none-eabi/9.3.1/thumb/v7e-m+fp/hard\libgcc.a(_dvmd_tls.o)
                0x00000000080004cc                __aeabi_idiv0
                0x00000000080004cc                __aeabi_ldiv0
 *(.text*)
 .text.SysTick_Handler
                0x00000000080004d0       0x10 ./Core/Src/it.o
                0x00000000080004d0                SysTick_Handler
 .text.USART2_IRQHandler
                0x00000000080004e0       0x14 ./Core/Src/it.o
                0x00000000080004e0                USART2_IRQHandler
 .text.main     0x00000000080004f4       0x90 ./Core/Src/main.o
                0x00000000080004f4                main
 .text.HAL_UART_RxCpltCallback
                0x0000000008000584       0x70 ./Core/Src/main.o
                0x0000000008000584                HAL_UART_RxCpltCallback
 .text.convert_to_capital
                0x00000000080005f4       0x2a ./Core/Src/main.o
                0x00000000080005f4                convert_to_capital
 .text.SystemClockConfig
                0x000000000800061e        0xe ./Core/Src/main.o
                0x000000000800061e                SystemClockConfig
 .text.UART2_Init
                0x000000000800062c       0x4c ./Core/Src/main.o
                0x000000000800062c                UART2_Init
 .text.Error_handler
                0x0000000008000678        0x6 ./Core/Src/main.o
                0x0000000008000678                Error_handler
 *fill*         0x000000000800067e        0x2 
 .text.HAL_MspInit
                0x0000000008000680       0x44 ./Core/Src/msp.o
                0x0000000008000680                HAL_MspInit
 .text.HAL_UART_MspInit
                0x00000000080006c4       0x90 ./Core/Src/msp.o
                0x00000000080006c4                HAL_UART_MspInit
 .text.SystemInit
                0x0000000008000754       0x24 ./Core/Src/system_stm32f4xx.o
                0x0000000008000754                SystemInit
 .text.Reset_Handler
                0x0000000008000778       0x50 ./Core/Startup/startup_stm32f407vgtx.o
                0x0000000008000778                Reset_Handler
 .text.Default_Handler
                0x00000000080007c8        0x2 ./Core/Startup/startup_stm32f407vgtx.o
                0x00000000080007c8                RTC_Alarm_IRQHandler
                0x00000000080007c8                HASH_RNG_IRQHandler
                0x00000000080007c8                EXTI2_IRQHandler
                0x00000000080007c8                TIM8_CC_IRQHandler
                0x00000000080007c8                DebugMon_Handler
                0x00000000080007c8                TIM1_CC_IRQHandler
                0x00000000080007c8                DMA2_Stream5_IRQHandler
                0x00000000080007c8                HardFault_Handler
                0x00000000080007c8                DMA1_Stream5_IRQHandler
                0x00000000080007c8                PVD_IRQHandler
                0x00000000080007c8                SDIO_IRQHandler
                0x00000000080007c8                TAMP_STAMP_IRQHandler
                0x00000000080007c8                PendSV_Handler
                0x00000000080007c8                NMI_Handler
                0x00000000080007c8                CAN2_RX1_IRQHandler
                0x00000000080007c8                EXTI3_IRQHandler
                0x00000000080007c8                TIM8_TRG_COM_TIM14_IRQHandler
                0x00000000080007c8                TIM1_UP_TIM10_IRQHandler
                0x00000000080007c8                TIM8_UP_TIM13_IRQHandler
                0x00000000080007c8                I2C3_ER_IRQHandler
                0x00000000080007c8                EXTI0_IRQHandler
                0x00000000080007c8                I2C2_EV_IRQHandler
                0x00000000080007c8                DMA1_Stream2_IRQHandler
                0x00000000080007c8                CAN1_RX0_IRQHandler
                0x00000000080007c8                FPU_IRQHandler
                0x00000000080007c8                OTG_HS_WKUP_IRQHandler
                0x00000000080007c8                UsageFault_Handler
                0x00000000080007c8                CAN2_SCE_IRQHandler
                0x00000000080007c8                DMA2_Stream2_IRQHandler
                0x00000000080007c8                SPI1_IRQHandler
                0x00000000080007c8                TIM6_DAC_IRQHandler
                0x00000000080007c8                TIM1_BRK_TIM9_IRQHandler
                0x00000000080007c8                DCMI_IRQHandler
                0x00000000080007c8                CAN2_RX0_IRQHandler
                0x00000000080007c8                DMA2_Stream3_IRQHandler
                0x00000000080007c8                USART6_IRQHandler
                0x00000000080007c8                USART3_IRQHandler
                0x00000000080007c8                CAN1_RX1_IRQHandler
                0x00000000080007c8                UART5_IRQHandler
                0x00000000080007c8                DMA2_Stream0_IRQHandler
                0x00000000080007c8                TIM4_IRQHandler
                0x00000000080007c8                I2C1_EV_IRQHandler
                0x00000000080007c8                DMA1_Stream6_IRQHandler
                0x00000000080007c8                DMA1_Stream1_IRQHandler
                0x00000000080007c8                UART4_IRQHandler
                0x00000000080007c8                TIM3_IRQHandler
                0x00000000080007c8                RCC_IRQHandler
                0x00000000080007c8                TIM8_BRK_TIM12_IRQHandler
                0x00000000080007c8                Default_Handler
                0x00000000080007c8                EXTI15_10_IRQHandler
                0x00000000080007c8                ADC_IRQHandler
                0x00000000080007c8                DMA1_Stream7_IRQHandler
                0x00000000080007c8                TIM7_IRQHandler
                0x00000000080007c8                CAN2_TX_IRQHandler
                0x00000000080007c8                TIM5_IRQHandler
                0x00000000080007c8                DMA2_Stream7_IRQHandler
                0x00000000080007c8                I2C3_EV_IRQHandler
                0x00000000080007c8                EXTI9_5_IRQHandler
                0x00000000080007c8                RTC_WKUP_IRQHandler
                0x00000000080007c8                ETH_WKUP_IRQHandler
                0x00000000080007c8                SPI2_IRQHandler
                0x00000000080007c8                OTG_HS_EP1_IN_IRQHandler
                0x00000000080007c8                MemManage_Handler
                0x00000000080007c8                DMA1_Stream0_IRQHandler
                0x00000000080007c8                CAN1_TX_IRQHandler
                0x00000000080007c8                SVC_Handler
                0x00000000080007c8                EXTI4_IRQHandler
                0x00000000080007c8                FSMC_IRQHandler
                0x00000000080007c8                ETH_IRQHandler
                0x00000000080007c8                OTG_HS_EP1_OUT_IRQHandler
                0x00000000080007c8                WWDG_IRQHandler
                0x00000000080007c8                TIM2_IRQHandler
                0x00000000080007c8                OTG_FS_WKUP_IRQHandler
                0x00000000080007c8                TIM1_TRG_COM_TIM11_IRQHandler
                0x00000000080007c8                OTG_HS_IRQHandler
                0x00000000080007c8                EXTI1_IRQHandler
                0x00000000080007c8                I2C2_ER_IRQHandler
                0x00000000080007c8                DMA2_Stream1_IRQHandler
                0x00000000080007c8                CAN1_SCE_IRQHandler
                0x00000000080007c8                FLASH_IRQHandler
                0x00000000080007c8                DMA2_Stream4_IRQHandler
                0x00000000080007c8                BusFault_Handler
                0x00000000080007c8                USART1_IRQHandler
                0x00000000080007c8                OTG_FS_IRQHandler
                0x00000000080007c8                SPI3_IRQHandler
                0x00000000080007c8                DMA1_Stream4_IRQHandler
                0x00000000080007c8                I2C1_ER_IRQHandler
                0x00000000080007c8                DMA2_Stream6_IRQHandler
                0x00000000080007c8                DMA1_Stream3_IRQHandler
 *fill*         0x00000000080007ca        0x2 
 .text.HAL_Init
                0x00000000080007cc       0x44 ./Drivers/STM32F4xx_HAL_Driver/Src/stm32f4xx_hal.o
                0x00000000080007cc                HAL_Init
 .text.HAL_InitTick
                0x0000000008000810       0x60 ./Drivers/STM32F4xx_HAL_Driver/Src/stm32f4xx_hal.o
                0x0000000008000810                HAL_InitTick
 .text.HAL_IncTick
                0x0000000008000870       0x28 ./Drivers/STM32F4xx_HAL_Driver/Src/stm32f4xx_hal.o
                0x0000000008000870                HAL_IncTick
 .text.HAL_GetTick
                0x0000000008000898       0x18 ./Drivers/STM32F4xx_HAL_Driver/Src/stm32f4xx_hal.o
                0x0000000008000898                HAL_GetTick
 .text.__NVIC_SetPriorityGrouping
                0x00000000080008b0       0x48 ./Drivers/STM32F4xx_HAL_Driver/Src/stm32f4xx_hal_cortex.o
 .text.__NVIC_GetPriorityGrouping
                0x00000000080008f8       0x1c ./Drivers/STM32F4xx_HAL_Driver/Src/stm32f4xx_hal_cortex.o
 .text.__NVIC_EnableIRQ
                0x0000000008000914       0x3c ./Drivers/STM32F4xx_HAL_Driver/Src/stm32f4xx_hal_cortex.o
 .text.__NVIC_SetPriority
                0x0000000008000950       0x54 ./Drivers/STM32F4xx_HAL_Driver/Src/stm32f4xx_hal_cortex.o
 .text.NVIC_EncodePriority
                0x00000000080009a4       0x66 ./Drivers/STM32F4xx_HAL_Driver/Src/stm32f4xx_hal_cortex.o
 *fill*         0x0000000008000a0a        0x2 
 .text.SysTick_Config
                0x0000000008000a0c       0x44 ./Drivers/STM32F4xx_HAL_Driver/Src/stm32f4xx_hal_cortex.o
 .text.HAL_NVIC_SetPriorityGrouping
                0x0000000008000a50       0x16 ./Drivers/STM32F4xx_HAL_Driver/Src/stm32f4xx_hal_cortex.o
                0x0000000008000a50                HAL_NVIC_SetPriorityGrouping
 .text.HAL_NVIC_SetPriority
                0x0000000008000a66       0x38 ./Drivers/STM32F4xx_HAL_Driver/Src/stm32f4xx_hal_cortex.o
                0x0000000008000a66                HAL_NVIC_SetPriority
 .text.HAL_NVIC_EnableIRQ
                0x0000000008000a9e       0x1c ./Drivers/STM32F4xx_HAL_Driver/Src/stm32f4xx_hal_cortex.o
                0x0000000008000a9e                HAL_NVIC_EnableIRQ
 .text.HAL_SYSTICK_Config
                0x0000000008000aba       0x18 ./Drivers/STM32F4xx_HAL_Driver/Src/stm32f4xx_hal_cortex.o
                0x0000000008000aba                HAL_SYSTICK_Config
 .text.HAL_SYSTICK_IRQHandler
                0x0000000008000ad2        0xc ./Drivers/STM32F4xx_HAL_Driver/Src/stm32f4xx_hal_cortex.o
                0x0000000008000ad2                HAL_SYSTICK_IRQHandler
 .text.HAL_SYSTICK_Callback
                0x0000000008000ade        0xe ./Drivers/STM32F4xx_HAL_Driver/Src/stm32f4xx_hal_cortex.o
                0x0000000008000ade                HAL_SYSTICK_Callback
 .text.HAL_DMA_Abort
                0x0000000008000aec       0xe0 ./Drivers/STM32F4xx_HAL_Driver/Src/stm32f4xx_hal_dma.o
                0x0000000008000aec                HAL_DMA_Abort
 .text.HAL_DMA_Abort_IT
                0x0000000008000bcc       0x44 ./Drivers/STM32F4xx_HAL_Driver/Src/stm32f4xx_hal_dma.o
                0x0000000008000bcc                HAL_DMA_Abort_IT
 .text.HAL_GPIO_Init
                0x0000000008000c10      0x338 ./Drivers/STM32F4xx_HAL_Driver/Src/stm32f4xx_hal_gpio.o
                0x0000000008000c10                HAL_GPIO_Init
 .text.HAL_RCC_GetHCLKFreq
                0x0000000008000f48       0x18 ./Drivers/STM32F4xx_HAL_Driver/Src/stm32f4xx_hal_rcc.o
                0x0000000008000f48                HAL_RCC_GetHCLKFreq
 .text.HAL_RCC_GetPCLK1Freq
                0x0000000008000f60       0x28 ./Drivers/STM32F4xx_HAL_Driver/Src/stm32f4xx_hal_rcc.o
                0x0000000008000f60                HAL_RCC_GetPCLK1Freq
 .text.HAL_RCC_GetPCLK2Freq
                0x0000000008000f88       0x28 ./Drivers/STM32F4xx_HAL_Driver/Src/stm32f4xx_hal_rcc.o
                0x0000000008000f88                HAL_RCC_GetPCLK2Freq
 .text.HAL_UART_Init
                0x0000000008000fb0       0x9a ./Drivers/STM32F4xx_HAL_Driver/Src/stm32f4xx_hal_uart.o
                0x0000000008000fb0                HAL_UART_Init
 .text.HAL_UART_Transmit
                0x000000000800104a      0x124 ./Drivers/STM32F4xx_HAL_Driver/Src/stm32f4xx_hal_uart.o
                0x000000000800104a                HAL_UART_Transmit
 .text.HAL_UART_Receive_IT
                0x000000000800116e       0x60 ./Drivers/STM32F4xx_HAL_Driver/Src/stm32f4xx_hal_uart.o
                0x000000000800116e                HAL_UART_Receive_IT
 *fill*         0x00000000080011ce        0x2 
 .text.HAL_UART_IRQHandler
                0x00000000080011d0      0x51c ./Drivers/STM32F4xx_HAL_Driver/Src/stm32f4xx_hal_uart.o
                0x00000000080011d0                HAL_UART_IRQHandler
 .text.HAL_UART_TxCpltCallback
                0x00000000080016ec       0x14 ./Drivers/STM32F4xx_HAL_Driver/Src/stm32f4xx_hal_uart.o
                0x00000000080016ec                HAL_UART_TxCpltCallback
 .text.HAL_UART_ErrorCallback
                0x0000000008001700       0x14 ./Drivers/STM32F4xx_HAL_Driver/Src/stm32f4xx_hal_uart.o
                0x0000000008001700                HAL_UART_ErrorCallback
 .text.HAL_UARTEx_RxEventCallback
                0x0000000008001714       0x18 ./Drivers/STM32F4xx_HAL_Driver/Src/stm32f4xx_hal_uart.o
                0x0000000008001714                HAL_UARTEx_RxEventCallback
 .text.UART_WaitOnFlagUntilTimeout
                0x000000000800172c       0xdc ./Drivers/STM32F4xx_HAL_Driver/Src/stm32f4xx_hal_uart.o
 .text.UART_Start_Receive_IT
                0x0000000008001808       0x74 ./Drivers/STM32F4xx_HAL_Driver/Src/stm32f4xx_hal_uart.o
                0x0000000008001808                UART_Start_Receive_IT
 .text.UART_EndRxTransfer
                0x000000000800187c       0xc6 ./Drivers/STM32F4xx_HAL_Driver/Src/stm32f4xx_hal_uart.o
 .text.UART_DMAAbortOnError
                0x0000000008001942       0x28 ./Drivers/STM32F4xx_HAL_Driver/Src/stm32f4xx_hal_uart.o
 .text.UART_Transmit_IT
                0x000000000800196a       0xa0 ./Drivers/STM32F4xx_HAL_Driver/Src/stm32f4xx_hal_uart.o
 .text.UART_EndTransmit_IT
                0x0000000008001a0a       0x30 ./Drivers/STM32F4xx_HAL_Driver/Src/stm32f4xx_hal_uart.o
 .text.UART_Receive_IT
                0x0000000008001a3a      0x176 ./Drivers/STM32F4xx_HAL_Driver/Src/stm32f4xx_hal_uart.o
 .text.UART_SetConfig
                0x0000000008001bb0      0x390 ./Drivers/STM32F4xx_HAL_Driver/Src/stm32f4xx_hal_uart.o
 .text.__libc_init_array
                0x0000000008001f40       0x48 c:/st/stm32cubeide_1.7.0/stm32cubeide/plugins/com.st.stm32cube.ide.mcu.externaltools.gnu-tools-for-stm32.9-2020-q2-update.win32_2.0.0.202105311346/tools/bin/../lib/gcc/arm-none-eabi/9.3.1/../../../../arm-none-eabi/lib/thumb/v7e-m+fp/hard\libc_nano.a(lib_a-init.o)
                0x0000000008001f40                __libc_init_array
 *(.glue_7)
 .glue_7        0x0000000008001f88        0x0 linker stubs
 *(.glue_7t)
 .glue_7t       0x0000000008001f88        0x0 linker stubs
 *(.eh_frame)
 .eh_frame      0x0000000008001f88        0x0 c:/st/stm32cubeide_1.7.0/stm32cubeide/plugins/com.st.stm32cube.ide.mcu.externaltools.gnu-tools-for-stm32.9-2020-q2-update.win32_2.0.0.202105311346/tools/bin/../lib/gcc/arm-none-eabi/9.3.1/thumb/v7e-m+fp/hard/crtbegin.o
 *(.init)
 .init          0x0000000008001f88        0x4 c:/st/stm32cubeide_1.7.0/stm32cubeide/plugins/com.st.stm32cube.ide.mcu.externaltools.gnu-tools-for-stm32.9-2020-q2-update.win32_2.0.0.202105311346/tools/bin/../lib/gcc/arm-none-eabi/9.3.1/thumb/v7e-m+fp/hard/crti.o
                0x0000000008001f88                _init
 .init          0x0000000008001f8c        0x8 c:/st/stm32cubeide_1.7.0/stm32cubeide/plugins/com.st.stm32cube.ide.mcu.externaltools.gnu-tools-for-stm32.9-2020-q2-update.win32_2.0.0.202105311346/tools/bin/../lib/gcc/arm-none-eabi/9.3.1/thumb/v7e-m+fp/hard/crtn.o
 *(.fini)
 .fini          0x0000000008001f94        0x4 c:/st/stm32cubeide_1.7.0/stm32cubeide/plugins/com.st.stm32cube.ide.mcu.externaltools.gnu-tools-for-stm32.9-2020-q2-update.win32_2.0.0.202105311346/tools/bin/../lib/gcc/arm-none-eabi/9.3.1/thumb/v7e-m+fp/hard/crti.o
                0x0000000008001f94                _fini
 .fini          0x0000000008001f98        0x8 c:/st/stm32cubeide_1.7.0/stm32cubeide/plugins/com.st.stm32cube.ide.mcu.externaltools.gnu-tools-for-stm32.9-2020-q2-update.win32_2.0.0.202105311346/tools/bin/../lib/gcc/arm-none-eabi/9.3.1/thumb/v7e-m+fp/hard/crtn.o
                0x0000000008001fa0                . = ALIGN (0x4)
                0x0000000008001fa0                _etext = .

.vfp11_veneer   0x0000000008001fa0        0x0
 .vfp11_veneer  0x0000000008001fa0        0x0 linker stubs

.v4_bx          0x0000000008001fa0        0x0
 .v4_bx         0x0000000008001fa0        0x0 linker stubs

.iplt           0x0000000008001fa0        0x0
 .iplt          0x0000000008001fa0        0x0 c:/st/stm32cubeide_1.7.0/stm32cubeide/plugins/com.st.stm32cube.ide.mcu.externaltools.gnu-tools-for-stm32.9-2020-q2-update.win32_2.0.0.202105311346/tools/bin/../lib/gcc/arm-none-eabi/9.3.1/thumb/v7e-m+fp/hard/crtbegin.o

.rodata         0x0000000008001fa0       0x3c
                0x0000000008001fa0                . = ALIGN (0x4)
 *(.rodata)
 .rodata        0x0000000008001fa0       0x33 ./Core/Src/main.o
 *(.rodata*)
 *fill*         0x0000000008001fd3        0x1 
 .rodata.APBPrescTable
                0x0000000008001fd4        0x8 ./Core/Src/system_stm32f4xx.o
                0x0000000008001fd4                APBPrescTable
                0x0000000008001fdc                . = ALIGN (0x4)

.ARM.extab      0x0000000008001fdc        0x0
                0x0000000008001fdc                . = ALIGN (0x4)
 *(.ARM.extab* .gnu.linkonce.armextab.*)
                0x0000000008001fdc                . = ALIGN (0x4)

.ARM            0x0000000008001fdc        0x8
                0x0000000008001fdc                . = ALIGN (0x4)
                0x0000000008001fdc                __exidx_start = .
 *(.ARM.exidx*)
 .ARM.exidx     0x0000000008001fdc        0x8 c:/st/stm32cubeide_1.7.0/stm32cubeide/plugins/com.st.stm32cube.ide.mcu.externaltools.gnu-tools-for-stm32.9-2020-q2-update.win32_2.0.0.202105311346/tools/bin/../lib/gcc/arm-none-eabi/9.3.1/thumb/v7e-m+fp/hard\libgcc.a(_udivmoddi4.o)
                0x0000000008001fe4                __exidx_end = .
                0x0000000008001fe4                . = ALIGN (0x4)

.rel.dyn        0x0000000008001fe4        0x0
 .rel.iplt      0x0000000008001fe4        0x0 c:/st/stm32cubeide_1.7.0/stm32cubeide/plugins/com.st.stm32cube.ide.mcu.externaltools.gnu-tools-for-stm32.9-2020-q2-update.win32_2.0.0.202105311346/tools/bin/../lib/gcc/arm-none-eabi/9.3.1/thumb/v7e-m+fp/hard/crtbegin.o

.preinit_array  0x0000000008001fe4        0x0
                0x0000000008001fe4                . = ALIGN (0x4)
                0x0000000008001fe4                PROVIDE (__preinit_array_start = .)
 *(.preinit_array*)
                0x0000000008001fe4                PROVIDE (__preinit_array_end = .)
                0x0000000008001fe4                . = ALIGN (0x4)

.init_array     0x0000000008001fe4        0x4
                0x0000000008001fe4                . = ALIGN (0x4)
                0x0000000008001fe4                PROVIDE (__init_array_start = .)
 *(SORT_BY_NAME(.init_array.*))
 *(.init_array*)
 .init_array    0x0000000008001fe4        0x4 c:/st/stm32cubeide_1.7.0/stm32cubeide/plugins/com.st.stm32cube.ide.mcu.externaltools.gnu-tools-for-stm32.9-2020-q2-update.win32_2.0.0.202105311346/tools/bin/../lib/gcc/arm-none-eabi/9.3.1/thumb/v7e-m+fp/hard/crtbegin.o
                0x0000000008001fe8                PROVIDE (__init_array_end = .)
                0x0000000008001fe8                . = ALIGN (0x4)

.fini_array     0x0000000008001fe8        0x4
                0x0000000008001fe8                . = ALIGN (0x4)
                [!provide]                        PROVIDE (__fini_array_start = .)
 *(SORT_BY_NAME(.fini_array.*))
 *(.fini_array*)
 .fini_array    0x0000000008001fe8        0x4 c:/st/stm32cubeide_1.7.0/stm32cubeide/plugins/com.st.stm32cube.ide.mcu.externaltools.gnu-tools-for-stm32.9-2020-q2-update.win32_2.0.0.202105311346/tools/bin/../lib/gcc/arm-none-eabi/9.3.1/thumb/v7e-m+fp/hard/crtbegin.o
                [!provide]                        PROVIDE (__fini_array_end = .)
                0x0000000008001fec                . = ALIGN (0x4)
                0x0000000008001fec                _sidata = LOADADDR (.data)

.data           0x0000000020000000       0x14 load address 0x0000000008001fec
                0x0000000020000000                . = ALIGN (0x4)
                0x0000000020000000                _sdata = .
 *(.data)
 *(.data*)
 .data.user_data
                0x0000000020000000        0x4 ./Core/Src/main.o
                0x0000000020000000                user_data
 .data.message  0x0000000020000004        0x4 ./Core/Src/main.o
                0x0000000020000004                message
 .data.SystemCoreClock
                0x0000000020000008        0x4 ./Core/Src/system_stm32f4xx.o
                0x0000000020000008                SystemCoreClock
 .data.uwTickPrio
                0x000000002000000c        0x4 ./Drivers/STM32F4xx_HAL_Driver/Src/stm32f4xx_hal.o
                0x000000002000000c                uwTickPrio
 .data.uwTickFreq
                0x0000000020000010        0x1 ./Drivers/STM32F4xx_HAL_Driver/Src/stm32f4xx_hal.o
                0x0000000020000010                uwTickFreq
 *(.RamFunc)
 *(.RamFunc*)
                0x0000000020000014                . = ALIGN (0x4)
 *fill*         0x0000000020000011        0x3 
                0x0000000020000014                _edata = .
                0x0000000008002000                _siccmram = LOADADDR (.ccmram)

.igot.plt       0x0000000020000014        0x0 load address 0x0000000008002000
 .igot.plt      0x0000000020000014        0x0 c:/st/stm32cubeide_1.7.0/stm32cubeide/plugins/com.st.stm32cube.ide.mcu.externaltools.gnu-tools-for-stm32.9-2020-q2-update.win32_2.0.0.202105311346/tools/bin/../lib/gcc/arm-none-eabi/9.3.1/thumb/v7e-m+fp/hard/crtbegin.o

.ccmram         0x0000000010000000        0x0 load address 0x0000000008002000
                0x0000000010000000                . = ALIGN (0x4)
                0x0000000010000000                _sccmram = .
 *(.ccmram)
 *(.ccmram*)
                0x0000000010000000                . = ALIGN (0x4)
                0x0000000010000000                _eccmram = .
                0x0000000010000000                . = ALIGN (0x4)

.bss            0x0000000020000014       0xd4
                0x0000000020000014                _sbss = .
                0x0000000020000014                __bss_start__ = _sbss
 *(.bss)
 .bss           0x0000000020000014       0x1c c:/st/stm32cubeide_1.7.0/stm32cubeide/plugins/com.st.stm32cube.ide.mcu.externaltools.gnu-tools-for-stm32.9-2020-q2-update.win32_2.0.0.202105311346/tools/bin/../lib/gcc/arm-none-eabi/9.3.1/thumb/v7e-m+fp/hard/crtbegin.o
 *(.bss*)
 .bss.count     0x0000000020000030        0x4 ./Core/Src/main.o
                0x0000000020000030                count
 .bss.reception_complete
                0x0000000020000034        0x1 ./Core/Src/main.o
                0x0000000020000034                reception_complete
 *(COMMON)
 *fill*         0x0000000020000035        0x3 
 COMMON         0x0000000020000038       0xac ./Core/Src/main.o
                0x0000000020000038                received_data
                0x000000002000003c                huart2
                0x0000000020000080                data_buffer
 COMMON         0x00000000200000e4        0x4 ./Drivers/STM32F4xx_HAL_Driver/Src/stm32f4xx_hal.o
                0x00000000200000e4                uwTick
                0x00000000200000e8                . = ALIGN (0x4)
                0x00000000200000e8                _ebss = .
                0x00000000200000e8                __bss_end__ = _ebss

._user_heap_stack
                0x00000000200000e8      0x600
                0x00000000200000e8                . = ALIGN (0x8)
                [!provide]                        PROVIDE (end = .)
                0x00000000200000e8                PROVIDE (_end = .)
                0x00000000200002e8                . = (. + _Min_Heap_Size)
 *fill*         0x00000000200000e8      0x200 
                0x00000000200006e8                . = (. + _Min_Stack_Size)
 *fill*         0x00000000200002e8      0x400 
                0x00000000200006e8                . = ALIGN (0x8)

/DISCARD/
 libc.a(*)
 libm.a(*)
 libgcc.a(*)

.ARM.attributes
                0x0000000000000000       0x30
 *(.ARM.attributes)
 .ARM.attributes
                0x0000000000000000       0x1e c:/st/stm32cubeide_1.7.0/stm32cubeide/plugins/com.st.stm32cube.ide.mcu.externaltools.gnu-tools-for-stm32.9-2020-q2-update.win32_2.0.0.202105311346/tools/bin/../lib/gcc/arm-none-eabi/9.3.1/thumb/v7e-m+fp/hard/crti.o
 .ARM.attributes
                0x000000000000001e       0x34 c:/st/stm32cubeide_1.7.0/stm32cubeide/plugins/com.st.stm32cube.ide.mcu.externaltools.gnu-tools-for-stm32.9-2020-q2-update.win32_2.0.0.202105311346/tools/bin/../lib/gcc/arm-none-eabi/9.3.1/thumb/v7e-m+fp/hard/crtbegin.o
 .ARM.attributes
                0x0000000000000052       0x34 ./Core/Src/it.o
 .ARM.attributes
                0x0000000000000086       0x34 ./Core/Src/main.o
 .ARM.attributes
                0x00000000000000ba       0x34 ./Core/Src/msp.o
 .ARM.attributes
                0x00000000000000ee       0x34 ./Core/Src/system_stm32f4xx.o
 .ARM.attributes
                0x0000000000000122       0x21 ./Core/Startup/startup_stm32f407vgtx.o
 .ARM.attributes
                0x0000000000000143       0x34 ./Drivers/STM32F4xx_HAL_Driver/Src/stm32f4xx_hal.o
 .ARM.attributes
                0x0000000000000177       0x34 ./Drivers/STM32F4xx_HAL_Driver/Src/stm32f4xx_hal_cortex.o
 .ARM.attributes
                0x00000000000001ab       0x34 ./Drivers/STM32F4xx_HAL_Driver/Src/stm32f4xx_hal_dma.o
 .ARM.attributes
                0x00000000000001df       0x34 ./Drivers/STM32F4xx_HAL_Driver/Src/stm32f4xx_hal_gpio.o
 .ARM.attributes
                0x0000000000000213       0x34 ./Drivers/STM32F4xx_HAL_Driver/Src/stm32f4xx_hal_rcc.o
 .ARM.attributes
                0x0000000000000247       0x34 ./Drivers/STM32F4xx_HAL_Driver/Src/stm32f4xx_hal_uart.o
 .ARM.attributes
                0x000000000000027b       0x34 c:/st/stm32cubeide_1.7.0/stm32cubeide/plugins/com.st.stm32cube.ide.mcu.externaltools.gnu-tools-for-stm32.9-2020-q2-update.win32_2.0.0.202105311346/tools/bin/../lib/gcc/arm-none-eabi/9.3.1/../../../../arm-none-eabi/lib/thumb/v7e-m+fp/hard\libc_nano.a(lib_a-init.o)
 .ARM.attributes
                0x00000000000002af       0x17 c:/st/stm32cubeide_1.7.0/stm32cubeide/plugins/com.st.stm32cube.ide.mcu.externaltools.gnu-tools-for-stm32.9-2020-q2-update.win32_2.0.0.202105311346/tools/bin/../lib/gcc/arm-none-eabi/9.3.1/../../../../arm-none-eabi/lib/thumb/v7e-m+fp/hard\libc_nano.a(lib_a-strlen.o)
 .ARM.attributes
                0x00000000000002c6       0x1e c:/st/stm32cubeide_1.7.0/stm32cubeide/plugins/com.st.stm32cube.ide.mcu.externaltools.gnu-tools-for-stm32.9-2020-q2-update.win32_2.0.0.202105311346/tools/bin/../lib/gcc/arm-none-eabi/9.3.1/thumb/v7e-m+fp/hard\libgcc.a(_aeabi_uldivmod.o)
 .ARM.attributes
                0x00000000000002e4       0x34 c:/st/stm32cubeide_1.7.0/stm32cubeide/plugins/com.st.stm32cube.ide.mcu.externaltools.gnu-tools-for-stm32.9-2020-q2-update.win32_2.0.0.202105311346/tools/bin/../lib/gcc/arm-none-eabi/9.3.1/thumb/v7e-m+fp/hard\libgcc.a(_udivmoddi4.o)
 .ARM.attributes
                0x0000000000000318       0x1e c:/st/stm32cubeide_1.7.0/stm32cubeide/plugins/com.st.stm32cube.ide.mcu.externaltools.gnu-tools-for-stm32.9-2020-q2-update.win32_2.0.0.202105311346/tools/bin/../lib/gcc/arm-none-eabi/9.3.1/thumb/v7e-m+fp/hard\libgcc.a(_dvmd_tls.o)
 .ARM.attributes
                0x0000000000000336       0x1e c:/st/stm32cubeide_1.7.0/stm32cubeide/plugins/com.st.stm32cube.ide.mcu.externaltools.gnu-tools-for-stm32.9-2020-q2-update.win32_2.0.0.202105311346/tools/bin/../lib/gcc/arm-none-eabi/9.3.1/thumb/v7e-m+fp/hard/crtn.o
OUTPUT(002UART2_IT.elf elf32-littlearm)
LOAD linker stubs
LOAD c:/st/stm32cubeide_1.7.0/stm32cubeide/plugins/com.st.stm32cube.ide.mcu.externaltools.gnu-tools-for-stm32.9-2020-q2-update.win32_2.0.0.202105311346/tools/bin/../lib/gcc/arm-none-eabi/9.3.1/../../../../arm-none-eabi/lib/thumb/v7e-m+fp/hard\libc.a
LOAD c:/st/stm32cubeide_1.7.0/stm32cubeide/plugins/com.st.stm32cube.ide.mcu.externaltools.gnu-tools-for-stm32.9-2020-q2-update.win32_2.0.0.202105311346/tools/bin/../lib/gcc/arm-none-eabi/9.3.1/../../../../arm-none-eabi/lib/thumb/v7e-m+fp/hard\libm.a
LOAD c:/st/stm32cubeide_1.7.0/stm32cubeide/plugins/com.st.stm32cube.ide.mcu.externaltools.gnu-tools-for-stm32.9-2020-q2-update.win32_2.0.0.202105311346/tools/bin/../lib/gcc/arm-none-eabi/9.3.1/thumb/v7e-m+fp/hard\libgcc.a

.debug_info     0x0000000000000000     0x9030
 .debug_info    0x0000000000000000      0x67d ./Core/Src/it.o
 .debug_info    0x000000000000067d     0x1044 ./Core/Src/main.o
 .debug_info    0x00000000000016c1      0xd7d ./Core/Src/msp.o
 .debug_info    0x000000000000243e      0x5a4 ./Core/Src/system_stm32f4xx.o
 .debug_info    0x00000000000029e2       0x22 ./Core/Startup/startup_stm32f407vgtx.o
 .debug_info    0x0000000000002a04      0x9b2 ./Drivers/STM32F4xx_HAL_Driver/Src/stm32f4xx_hal.o
 .debug_info    0x00000000000033b6      0xed7 ./Drivers/STM32F4xx_HAL_Driver/Src/stm32f4xx_hal_cortex.o
 .debug_info    0x000000000000428d      0x9f1 ./Drivers/STM32F4xx_HAL_Driver/Src/stm32f4xx_hal_dma.o
 .debug_info    0x0000000000004c7e      0x83e ./Drivers/STM32F4xx_HAL_Driver/Src/stm32f4xx_hal_gpio.o
 .debug_info    0x00000000000054bc      0x996 ./Drivers/STM32F4xx_HAL_Driver/Src/stm32f4xx_hal_rcc.o
 .debug_info    0x0000000000005e52     0x31de ./Drivers/STM32F4xx_HAL_Driver/Src/stm32f4xx_hal_uart.o

.debug_abbrev   0x0000000000000000     0x1582
 .debug_abbrev  0x0000000000000000      0x149 ./Core/Src/it.o
 .debug_abbrev  0x0000000000000149      0x25a ./Core/Src/main.o
 .debug_abbrev  0x00000000000003a3      0x1b5 ./Core/Src/msp.o
 .debug_abbrev  0x0000000000000558      0x145 ./Core/Src/system_stm32f4xx.o
 .debug_abbrev  0x000000000000069d       0x12 ./Core/Startup/startup_stm32f407vgtx.o
 .debug_abbrev  0x00000000000006af      0x1ed ./Drivers/STM32F4xx_HAL_Driver/Src/stm32f4xx_hal.o
 .debug_abbrev  0x000000000000089c      0x33c ./Drivers/STM32F4xx_HAL_Driver/Src/stm32f4xx_hal_cortex.o
 .debug_abbrev  0x0000000000000bd8      0x259 ./Drivers/STM32F4xx_HAL_Driver/Src/stm32f4xx_hal_dma.o
 .debug_abbrev  0x0000000000000e31      0x1f1 ./Drivers/STM32F4xx_HAL_Driver/Src/stm32f4xx_hal_gpio.o
 .debug_abbrev  0x0000000000001022      0x275 ./Drivers/STM32F4xx_HAL_Driver/Src/stm32f4xx_hal_rcc.o
 .debug_abbrev  0x0000000000001297      0x2eb ./Drivers/STM32F4xx_HAL_Driver/Src/stm32f4xx_hal_uart.o

.debug_aranges  0x0000000000000000      0x660
 .debug_aranges
                0x0000000000000000       0x28 ./Core/Src/it.o
 .debug_aranges
                0x0000000000000028       0x48 ./Core/Src/main.o
 .debug_aranges
                0x0000000000000070       0x28 ./Core/Src/msp.o
 .debug_aranges
                0x0000000000000098       0x28 ./Core/Src/system_stm32f4xx.o
 .debug_aranges
                0x00000000000000c0       0x28 ./Core/Startup/startup_stm32f407vgtx.o
 .debug_aranges
                0x00000000000000e8       0xf0 ./Drivers/STM32F4xx_HAL_Driver/Src/stm32f4xx_hal.o
 .debug_aranges
                0x00000000000001d8      0x118 ./Drivers/STM32F4xx_HAL_Driver/Src/stm32f4xx_hal_cortex.o
 .debug_aranges
                0x00000000000002f0       0x90 ./Drivers/STM32F4xx_HAL_Driver/Src/stm32f4xx_hal_dma.o
 .debug_aranges
                0x0000000000000380       0x58 ./Drivers/STM32F4xx_HAL_Driver/Src/stm32f4xx_hal_gpio.o
 .debug_aranges
                0x00000000000003d8       0x88 ./Drivers/STM32F4xx_HAL_Driver/Src/stm32f4xx_hal_rcc.o
 .debug_aranges
                0x0000000000000460      0x200 ./Drivers/STM32F4xx_HAL_Driver/Src/stm32f4xx_hal_uart.o

.debug_ranges   0x0000000000000000      0x5e8
 .debug_ranges  0x0000000000000000       0x18 ./Core/Src/it.o
 .debug_ranges  0x0000000000000018       0x38 ./Core/Src/main.o
 .debug_ranges  0x0000000000000050       0x18 ./Core/Src/msp.o
 .debug_ranges  0x0000000000000068       0x18 ./Core/Src/system_stm32f4xx.o
 .debug_ranges  0x0000000000000080       0x20 ./Core/Startup/startup_stm32f407vgtx.o
 .debug_ranges  0x00000000000000a0       0xe0 ./Drivers/STM32F4xx_HAL_Driver/Src/stm32f4xx_hal.o
 .debug_ranges  0x0000000000000180      0x108 ./Drivers/STM32F4xx_HAL_Driver/Src/stm32f4xx_hal_cortex.o
 .debug_ranges  0x0000000000000288       0x80 ./Drivers/STM32F4xx_HAL_Driver/Src/stm32f4xx_hal_dma.o
 .debug_ranges  0x0000000000000308       0x48 ./Drivers/STM32F4xx_HAL_Driver/Src/stm32f4xx_hal_gpio.o
 .debug_ranges  0x0000000000000350       0x78 ./Drivers/STM32F4xx_HAL_Driver/Src/stm32f4xx_hal_rcc.o
 .debug_ranges  0x00000000000003c8      0x220 ./Drivers/STM32F4xx_HAL_Driver/Src/stm32f4xx_hal_uart.o

.debug_macro    0x0000000000000000    0x1fb83
 .debug_macro   0x0000000000000000      0x1c4 ./Core/Src/it.o
 .debug_macro   0x00000000000001c4      0xaa8 ./Core/Src/it.o
 .debug_macro   0x0000000000000c6c      0x295 ./Core/Src/it.o
 .debug_macro   0x0000000000000f01       0x2e ./Core/Src/it.o
 .debug_macro   0x0000000000000f2f       0x2f ./Core/Src/it.o
 .debug_macro   0x0000000000000f5e       0x22 ./Core/Src/it.o
 .debug_macro   0x0000000000000f80       0x8e ./Core/Src/it.o
 .debug_macro   0x000000000000100e       0x51 ./Core/Src/it.o
 .debug_macro   0x000000000000105f      0x103 ./Core/Src/it.o
 .debug_macro   0x0000000000001162       0x6a ./Core/Src/it.o
 .debug_macro   0x00000000000011cc      0x1df ./Core/Src/it.o
 .debug_macro   0x00000000000013ab       0x1c ./Core/Src/it.o
 .debug_macro   0x00000000000013c7       0x22 ./Core/Src/it.o
 .debug_macro   0x00000000000013e9       0xdf ./Core/Src/it.o
 .debug_macro   0x00000000000014c8     0x102d ./Core/Src/it.o
 .debug_macro   0x00000000000024f5      0x11f ./Core/Src/it.o
 .debug_macro   0x0000000000002614    0x15e58 ./Core/Src/it.o
 .debug_macro   0x000000000001846c       0x6d ./Core/Src/it.o
 .debug_macro   0x00000000000184d9     0x3666 ./Core/Src/it.o
 .debug_macro   0x000000000001bb3f      0x174 ./Core/Src/it.o
 .debug_macro   0x000000000001bcb3       0x5c ./Core/Src/it.o
 .debug_macro   0x000000000001bd0f      0x96b ./Core/Src/it.o
 .debug_macro   0x000000000001c67a      0x9fe ./Core/Src/it.o
 .debug_macro   0x000000000001d078      0x116 ./Core/Src/it.o
 .debug_macro   0x000000000001d18e      0x13e ./Core/Src/it.o
 .debug_macro   0x000000000001d2cc       0xa5 ./Core/Src/it.o
 .debug_macro   0x000000000001d371      0x174 ./Core/Src/it.o
 .debug_macro   0x000000000001d4e5      0x287 ./Core/Src/it.o
 .debug_macro   0x000000000001d76c       0x5f ./Core/Src/it.o
 .debug_macro   0x000000000001d7cb      0x236 ./Core/Src/it.o
 .debug_macro   0x000000000001da01      0x12c ./Core/Src/it.o
 .debug_macro   0x000000000001db2d      0x21e ./Core/Src/it.o
 .debug_macro   0x000000000001dd4b       0x2e ./Core/Src/it.o
 .debug_macro   0x000000000001dd79      0x11a ./Core/Src/it.o
 .debug_macro   0x000000000001de93       0x7e ./Core/Src/it.o
 .debug_macro   0x000000000001df11       0x89 ./Core/Src/it.o
 .debug_macro   0x000000000001df9a      0x295 ./Core/Src/it.o
 .debug_macro   0x000000000001e22f      0x12d ./Core/Src/it.o
 .debug_macro   0x000000000001e35c      0x29e ./Core/Src/main.o
 .debug_macro   0x000000000001e5fa       0x52 ./Core/Src/main.o
 .debug_macro   0x000000000001e64c       0x18 ./Core/Src/main.o
 .debug_macro   0x000000000001e664       0x3c ./Core/Src/main.o
 .debug_macro   0x000000000001e6a0       0x34 ./Core/Src/main.o
 .debug_macro   0x000000000001e6d4       0x16 ./Core/Src/main.o
 .debug_macro   0x000000000001e6ea       0x43 ./Core/Src/main.o
 .debug_macro   0x000000000001e72d       0x34 ./Core/Src/main.o
 .debug_macro   0x000000000001e761       0x10 ./Core/Src/main.o
 .debug_macro   0x000000000001e771       0x58 ./Core/Src/main.o
 .debug_macro   0x000000000001e7c9       0x71 ./Core/Src/main.o
 .debug_macro   0x000000000001e83a       0x1c ./Core/Src/main.o
 .debug_macro   0x000000000001e856      0x12a ./Core/Src/main.o
 .debug_macro   0x000000000001e980      0x333 ./Core/Src/main.o
 .debug_macro   0x000000000001ecb3       0x10 ./Core/Src/main.o
 .debug_macro   0x000000000001ecc3       0x35 ./Core/Src/main.o
 .debug_macro   0x000000000001ecf8       0x20 ./Core/Src/main.o
 .debug_macro   0x000000000001ed18      0x1c4 ./Core/Src/msp.o
 .debug_macro   0x000000000001eedc      0x1ba ./Core/Src/system_stm32f4xx.o
 .debug_macro   0x000000000001f096      0x21a ./Drivers/STM32F4xx_HAL_Driver/Src/stm32f4xx_hal.o
 .debug_macro   0x000000000001f2b0      0x1ba ./Drivers/STM32F4xx_HAL_Driver/Src/stm32f4xx_hal_cortex.o
 .debug_macro   0x000000000001f46a      0x1c0 ./Drivers/STM32F4xx_HAL_Driver/Src/stm32f4xx_hal_dma.o
 .debug_macro   0x000000000001f62a      0x1c0 ./Drivers/STM32F4xx_HAL_Driver/Src/stm32f4xx_hal_gpio.o
 .debug_macro   0x000000000001f7ea      0x1de ./Drivers/STM32F4xx_HAL_Driver/Src/stm32f4xx_hal_rcc.o
 .debug_macro   0x000000000001f9c8      0x1bb ./Drivers/STM32F4xx_HAL_Driver/Src/stm32f4xx_hal_uart.o

.debug_line     0x0000000000000000     0x8443
 .debug_line    0x0000000000000000      0x69d ./Core/Src/it.o
 .debug_line    0x000000000000069d      0x8ce ./Core/Src/main.o
 .debug_line    0x0000000000000f6b      0x6be ./Core/Src/msp.o
 .debug_line    0x0000000000001629      0x717 ./Core/Src/system_stm32f4xx.o
 .debug_line    0x0000000000001d40       0x88 ./Core/Startup/startup_stm32f407vgtx.o
 .debug_line    0x0000000000001dc8      0x97d ./Drivers/STM32F4xx_HAL_Driver/Src/stm32f4xx_hal.o
 .debug_line    0x0000000000002745      0xc2c ./Drivers/STM32F4xx_HAL_Driver/Src/stm32f4xx_hal_cortex.o
 .debug_line    0x0000000000003371      0xee2 ./Drivers/STM32F4xx_HAL_Driver/Src/stm32f4xx_hal_dma.o
 .debug_line    0x0000000000004253      0xaf3 ./Drivers/STM32F4xx_HAL_Driver/Src/stm32f4xx_hal_gpio.o
 .debug_line    0x0000000000004d46      0xcf9 ./Drivers/STM32F4xx_HAL_Driver/Src/stm32f4xx_hal_rcc.o
 .debug_line    0x0000000000005a3f     0x2a04 ./Drivers/STM32F4xx_HAL_Driver/Src/stm32f4xx_hal_uart.o

.debug_str      0x0000000000000000    0xc194b
 .debug_str     0x0000000000000000    0xbc812 ./Core/Src/it.o
                                      0xbcadf (size before relaxing)
 .debug_str     0x00000000000bc812     0x3275 ./Core/Src/main.o
                                      0xbfda8 (size before relaxing)
 .debug_str     0x00000000000bfa87      0x6b4 ./Core/Src/msp.o
                                      0xbd181 (size before relaxing)
 .debug_str     0x00000000000c013b       0x8e ./Core/Src/system_stm32f4xx.o
                                      0xbc813 (size before relaxing)
 .debug_str     0x00000000000c01c9       0x36 ./Core/Startup/startup_stm32f407vgtx.o
                                         0x69 (size before relaxing)
 .debug_str     0x00000000000c01ff      0x58d ./Drivers/STM32F4xx_HAL_Driver/Src/stm32f4xx_hal.o
                                      0xbd2f5 (size before relaxing)
 .debug_str     0x00000000000c078c      0x399 ./Drivers/STM32F4xx_HAL_Driver/Src/stm32f4xx_hal_cortex.o
                                      0xbd0e4 (size before relaxing)
 .debug_str     0x00000000000c0b25      0x322 ./Drivers/STM32F4xx_HAL_Driver/Src/stm32f4xx_hal_dma.o
                                      0xbcc3d (size before relaxing)
 .debug_str     0x00000000000c0e47      0x17b ./Drivers/STM32F4xx_HAL_Driver/Src/stm32f4xx_hal_gpio.o
                                      0xbc9ba (size before relaxing)
 .debug_str     0x00000000000c0fc2      0x37e ./Drivers/STM32F4xx_HAL_Driver/Src/stm32f4xx_hal_rcc.o
                                      0xbcc15 (size before relaxing)
 .debug_str     0x00000000000c1340      0x60b ./Drivers/STM32F4xx_HAL_Driver/Src/stm32f4xx_hal_uart.o
                                      0xbd19b (size before relaxing)

.comment        0x0000000000000000       0x53
 .comment       0x0000000000000000       0x53 ./Core/Src/it.o
                                         0x54 (size before relaxing)
 .comment       0x0000000000000053       0x54 ./Core/Src/main.o
 .comment       0x0000000000000053       0x54 ./Core/Src/msp.o
 .comment       0x0000000000000053       0x54 ./Core/Src/system_stm32f4xx.o
 .comment       0x0000000000000053       0x54 ./Drivers/STM32F4xx_HAL_Driver/Src/stm32f4xx_hal.o
 .comment       0x0000000000000053       0x54 ./Drivers/STM32F4xx_HAL_Driver/Src/stm32f4xx_hal_cortex.o
 .comment       0x0000000000000053       0x54 ./Drivers/STM32F4xx_HAL_Driver/Src/stm32f4xx_hal_dma.o
 .comment       0x0000000000000053       0x54 ./Drivers/STM32F4xx_HAL_Driver/Src/stm32f4xx_hal_gpio.o
 .comment       0x0000000000000053       0x54 ./Drivers/STM32F4xx_HAL_Driver/Src/stm32f4xx_hal_rcc.o
 .comment       0x0000000000000053       0x54 ./Drivers/STM32F4xx_HAL_Driver/Src/stm32f4xx_hal_uart.o

.debug_frame    0x0000000000000000     0x1914
 .debug_frame   0x0000000000000000       0x48 ./Core/Src/it.o
 .debug_frame   0x0000000000000048       0xd4 ./Core/Src/main.o
 .debug_frame   0x000000000000011c       0x50 ./Core/Src/msp.o
 .debug_frame   0x000000000000016c       0x58 ./Core/Src/system_stm32f4xx.o
 .debug_frame   0x00000000000001c4      0x374 ./Drivers/STM32F4xx_HAL_Driver/Src/stm32f4xx_hal.o
 .debug_frame   0x0000000000000538      0x498 ./Drivers/STM32F4xx_HAL_Driver/Src/stm32f4xx_hal_cortex.o
 .debug_frame   0x00000000000009d0      0x250 ./Drivers/STM32F4xx_HAL_Driver/Src/stm32f4xx_hal_dma.o
 .debug_frame   0x0000000000000c20      0x14c ./Drivers/STM32F4xx_HAL_Driver/Src/stm32f4xx_hal_gpio.o
 .debug_frame   0x0000000000000d6c      0x1f0 ./Drivers/STM32F4xx_HAL_Driver/Src/stm32f4xx_hal_rcc.o
 .debug_frame   0x0000000000000f5c      0x92c ./Drivers/STM32F4xx_HAL_Driver/Src/stm32f4xx_hal_uart.o
 .debug_frame   0x0000000000001888       0x2c c:/st/stm32cubeide_1.7.0/stm32cubeide/plugins/com.st.stm32cube.ide.mcu.externaltools.gnu-tools-for-stm32.9-2020-q2-update.win32_2.0.0.202105311346/tools/bin/../lib/gcc/arm-none-eabi/9.3.1/../../../../arm-none-eabi/lib/thumb/v7e-m+fp/hard\libc_nano.a(lib_a-init.o)
 .debug_frame   0x00000000000018b4       0x2c c:/st/stm32cubeide_1.7.0/stm32cubeide/plugins/com.st.stm32cube.ide.mcu.externaltools.gnu-tools-for-stm32.9-2020-q2-update.win32_2.0.0.202105311346/tools/bin/../lib/gcc/arm-none-eabi/9.3.1/thumb/v7e-m+fp/hard\libgcc.a(_aeabi_uldivmod.o)
 .debug_frame   0x00000000000018e0       0x34 c:/st/stm32cubeide_1.7.0/stm32cubeide/plugins/com.st.stm32cube.ide.mcu.externaltools.gnu-tools-for-stm32.9-2020-q2-update.win32_2.0.0.202105311346/tools/bin/../lib/gcc/arm-none-eabi/9.3.1/thumb/v7e-m+fp/hard\libgcc.a(_udivmoddi4.o)
