19:42:25 **** Incremental Build of configuration Debug for project 005PLL_SYSCLK2_HSE_180MHz ****
make -j12 all 
arm-none-eabi-gcc "../Core/Src/main.c" -mcpu=cortex-m4 -std=gnu11 -g3 -DDEBUG -DUSE_HAL_DRIVER -DSTM32F407xx -c -I../Core/Inc -I../Drivers/STM32F4xx_HAL_Driver/Inc -I../Drivers/STM32F4xx_HAL_Driver/Inc/Legacy -I../Drivers/CMSIS/Device/ST/STM32F4xx/Include -I../Drivers/CMSIS/Include -O0 -ffunction-sections -fdata-sections -Wall -fstack-usage -MMD -MP -MF"Core/Src/main.d" -MT"Core/Src/main.o" --specs=nano.specs -mfpu=fpv4-sp-d16 -mfloat-abi=hard -mthumb -o "Core/Src/main.o"
arm-none-eabi-gcc -o "005PLL_SYSCLK2_HSE_180MHz.elf" @"objects.list"   -mcpu=cortex-m4 -T"C:\Users\umurd\Desktop\MCU2\005PLL_SYSCLK2_HSE_180MHz\STM32F407VGTX_FLASH.ld" --specs=nosys.specs -Wl,-Map="005PLL_SYSCLK2_HSE_180MHz.map" -Wl,--gc-sections -static --specs=nano.specs -mfpu=fpv4-sp-d16 -mfloat-abi=hard -mthumb -Wl,--start-group -lc -lm -Wl,--end-group
Finished building target: 005PLL_SYSCLK2_HSE_180MHz.elf
 
arm-none-eabi-size   005PLL_SYSCLK2_HSE_180MHz.elf 
arm-none-eabi-objdump -h -S  005PLL_SYSCLK2_HSE_180MHz.elf  > "005PLL_SYSCLK2_HSE_180MHz.list"
arm-none-eabi-objcopy  -O binary  005PLL_SYSCLK2_HSE_180MHz.elf  "005PLL_SYSCLK2_HSE_180MHz.bin"
   text	   data	    bss	    dec	    hex	filename
  10368	    120	   1768	  12256	   2fe0	005PLL_SYSCLK2_HSE_180MHz.elf
Finished building: default.size.stdout
 
Finished building: 005PLL_SYSCLK2_HSE_180MHz.bin
 
Finished building: 005PLL_SYSCLK2_HSE_180MHz.list
 

19:42:26 Build Finished. 0 errors, 0 warnings. (took 792ms)

