13:20:59 **** Incremental Build of configuration Debug for project 008Time_Base_100ms_IT ****
make -j12 all 
arm-none-eabi-gcc "../Core/Src/main.c" -mcpu=cortex-m4 -std=gnu11 -g3 -DDEBUG -DUSE_HAL_DRIVER -DSTM32F407xx -c -I../USB_HOST/App -I../USB_HOST/Target -I../Core/Inc -I../Drivers/STM32F4xx_HAL_Driver/Inc -I../Drivers/STM32F4xx_HAL_Driver/Inc/Legacy -I../Middlewares/ST/STM32_USB_Host_Library/Core/Inc -I../Middlewares/ST/STM32_USB_Host_Library/Class/CDC/Inc -I../Drivers/CMSIS/Device/ST/STM32F4xx/Include -I../Drivers/CMSIS/Include -O0 -ffunction-sections -fdata-sections -Wall -fstack-usage -MMD -MP -MF"Core/Src/main.d" -MT"Core/Src/main.o" --specs=nano.specs -mfpu=fpv4-sp-d16 -mfloat-abi=hard -mthumb -o "Core/Src/main.o"
arm-none-eabi-gcc -o "008Time_Base_100ms_IT.elf" @"objects.list"   -mcpu=cortex-m4 -T"C:\Users\umurd\Desktop\MCU2\008Time_Base_100ms_IT\STM32F407VGTX_FLASH.ld" --specs=nosys.specs -Wl,-Map="008Time_Base_100ms_IT.map" -Wl,--gc-sections -static --specs=nano.specs -mfpu=fpv4-sp-d16 -mfloat-abi=hard -mthumb -Wl,--start-group -lc -lm -Wl,--end-group
Finished building target: 008Time_Base_100ms_IT.elf
 
arm-none-eabi-size   008Time_Base_100ms_IT.elf 
arm-none-eabi-objdump -h -S  008Time_Base_100ms_IT.elf  > "008Time_Base_100ms_IT.list"
arm-none-eabi-objcopy  -O binary  008Time_Base_100ms_IT.elf  "008Time_Base_100ms_IT.bin"
   text	   data	    bss	    dec	    hex	filename
   4064	     20	   1644	   5728	   1660	008Time_Base_100ms_IT.elf
Finished building: default.size.stdout
Finished building: 008Time_Base_100ms_IT.bin
 
 
Finished building: 008Time_Base_100ms_IT.list
 

13:21:00 Build Finished. 0 errors, 0 warnings. (took 791ms)

