17:09:38 **** Incremental Build of configuration Release for project 010Timer_Input_Capture ****
make -j12 all 
arm-none-eabi-gcc "../Core/Src/main.c" -mcpu=cortex-m4 -std=gnu11 -DUSE_HAL_DRIVER -DSTM32F407xx -c -I../USB_HOST/App -I../USB_HOST/Target -I../Core/Inc -I../Drivers/STM32F4xx_HAL_Driver/Inc -I../Drivers/STM32F4xx_HAL_Driver/Inc/Legacy -I../Middlewares/ST/STM32_USB_Host_Library/Core/Inc -I../Middlewares/ST/STM32_USB_Host_Library/Class/CDC/Inc -I../Drivers/CMSIS/Device/ST/STM32F4xx/Include -I../Drivers/CMSIS/Include -Os -ffunction-sections -fdata-sections -Wall -fstack-usage -MMD -MP -MF"Core/Src/main.d" -MT"Core/Src/main.o" --specs=nano.specs -mfpu=fpv4-sp-d16 -mfloat-abi=hard -mthumb -o "Core/Src/main.o"
arm-none-eabi-gcc -o "010Timer_Input_Capture.elf" @"objects.list"   -mcpu=cortex-m4 -T"C:\Users\umurd\Desktop\MCU2\010Timer_Input_Capture\STM32F407VGTX_FLASH.ld" --specs=nosys.specs -Wl,-Map="010Timer_Input_Capture.map" -Wl,--gc-sections -static --specs=nano.specs -mfpu=fpv4-sp-d16 -mfloat-abi=hard -mthumb -Wl,--start-group -lc -lm -Wl,--end-group
Finished building target: 010Timer_Input_Capture.elf
 
arm-none-eabi-size   010Timer_Input_Capture.elf 
arm-none-eabi-objdump -h -S  010Timer_Input_Capture.elf  > "010Timer_Input_Capture.list"
arm-none-eabi-objcopy  -O binary  010Timer_Input_Capture.elf  "010Timer_Input_Capture.bin"
   text	   data	    bss	    dec	    hex	filename
   5132	     20	   1644	   6796	   1a8c	010Timer_Input_Capture.elf
Finished building: default.size.stdout
 
Finished building: 010Timer_Input_Capture.bin
Finished building: 010Timer_Input_Capture.list
 
 

17:09:39 Build Finished. 0 errors, 0 warnings. (took 537ms)

