14:13:21 **** Incremental Build of configuration Debug for project 011Timer_Input_Capture_Interrupt ****
make -j12 all 
arm-none-eabi-gcc "../Core/Src/main.c" -mcpu=cortex-m4 -std=gnu11 -g3 -DDEBUG -DUSE_HAL_DRIVER -DSTM32F407xx -c -I../USB_HOST/App -I../USB_HOST/Target -I../Core/Inc -I../Drivers/STM32F4xx_HAL_Driver/Inc -I../Drivers/STM32F4xx_HAL_Driver/Inc/Legacy -I../Middlewares/ST/STM32_USB_Host_Library/Core/Inc -I../Middlewares/ST/STM32_USB_Host_Library/Class/CDC/Inc -I../Drivers/CMSIS/Device/ST/STM32F4xx/Include -I../Drivers/CMSIS/Include -O0 -ffunction-sections -fdata-sections -Wall -fstack-usage -MMD -MP -MF"Core/Src/main.d" -MT"Core/Src/main.o" --specs=nano.specs -mfpu=fpv4-sp-d16 -mfloat-abi=hard -mthumb -o "Core/Src/main.o"
arm-none-eabi-gcc -o "011Timer_Input_Capture_Interrupt.elf" @"objects.list"   -mcpu=cortex-m4 -T"C:\Users\umurd\Desktop\MCU2\011Timer_Input_Capture_Interrupt\STM32F407VGTX_FLASH.ld" --specs=nosys.specs -Wl,-Map="011Timer_Input_Capture_Interrupt.map" -Wl,--gc-sections -static -u_printf_float --specs=nano.specs -mfpu=fpv4-sp-d16 -mfloat-abi=hard -mthumb -Wl,--start-group -lc -lm -Wl,--end-group
Finished building target: 011Timer_Input_Capture_Interrupt.elf
 
arm-none-eabi-size   011Timer_Input_Capture_Interrupt.elf 
arm-none-eabi-objdump -h -S  011Timer_Input_Capture_Interrupt.elf  > "011Timer_Input_Capture_Interrupt.list"
arm-none-eabi-objcopy  -O binary  011Timer_Input_Capture_Interrupt.elf  "011Timer_Input_Capture_Interrupt.bin"
   text	   data	    bss	    dec	    hex	filename
  27432	    488	   1824	  29744	   7430	011Timer_Input_Capture_Interrupt.elf
Finished building: 011Timer_Input_Capture_Interrupt.bin
Finished building: default.size.stdout
 
 
Finished building: 011Timer_Input_Capture_Interrupt.list
 

14:13:22 Build Finished. 0 errors, 0 warnings. (took 909ms)

