14:50:33 **** Incremental Build of configuration Debug for project 012Timer_Output_Capture ****
make -j12 all 
arm-none-eabi-gcc "../Core/Src/main.c" -mcpu=cortex-m4 -std=gnu11 -g3 -DDEBUG -DUSE_HAL_DRIVER -DSTM32F407xx -c -I../USB_HOST/App -I../USB_HOST/Target -I../Core/Inc -I../Drivers/STM32F4xx_HAL_Driver/Inc -I../Drivers/STM32F4xx_HAL_Driver/Inc/Legacy -I../Middlewares/ST/STM32_USB_Host_Library/Core/Inc -I../Middlewares/ST/STM32_USB_Host_Library/Class/CDC/Inc -I../Drivers/CMSIS/Device/ST/STM32F4xx/Include -I../Drivers/CMSIS/Include -O0 -ffunction-sections -fdata-sections -Wall -fstack-usage -MMD -MP -MF"Core/Src/main.d" -MT"Core/Src/main.o" --specs=nano.specs -mfpu=fpv4-sp-d16 -mfloat-abi=hard -mthumb -o "Core/Src/main.o"
arm-none-eabi-gcc -o "012Timer_Output_Capture.elf" @"objects.list"   -mcpu=cortex-m4 -T"C:\Users\umurd\Desktop\MCU2\012Timer_Output_Capture\STM32F407VGTX_FLASH.ld" --specs=nosys.specs -Wl,-Map="012Timer_Output_Capture.map" -Wl,--gc-sections -static --specs=nano.specs -mfpu=fpv4-sp-d16 -mfloat-abi=hard -mthumb -Wl,--start-group -lc -lm -Wl,--end-group
Finished building target: 012Timer_Output_Capture.elf
 
arm-none-eabi-size   012Timer_Output_Capture.elf 
arm-none-eabi-objdump -h -S  012Timer_Output_Capture.elf  > "012Timer_Output_Capture.list"
arm-none-eabi-objcopy  -O binary  012Timer_Output_Capture.elf  "012Timer_Output_Capture.bin"
   text	   data	    bss	    dec	    hex	filename
   7640	     20	   1812	   9472	   2500	012Timer_Output_Capture.elf
Finished building: default.size.stdout
 
Finished building: 012Timer_Output_Capture.bin
 
Finished building: 012Timer_Output_Capture.list
 

14:50:34 Build Finished. 0 errors, 0 warnings. (took 849ms)

