14:16:09 **** Incremental Build of configuration Debug for project 020WFI_Button ****
make -j12 all 
arm-none-eabi-gcc "../Core/Src/main.c" -mcpu=cortex-m4 -std=gnu11 -g3 -DDEBUG -DUSE_HAL_DRIVER -DSTM32F407xx -c -I../Core/Inc -I../Drivers/STM32F4xx_HAL_Driver/Inc -I../Drivers/STM32F4xx_HAL_Driver/Inc/Legacy -I../Drivers/CMSIS/Device/ST/STM32F4xx/Include -I../Drivers/CMSIS/Include -O0 -ffunction-sections -fdata-sections -Wall -fstack-usage -MMD -MP -MF"Core/Src/main.d" -MT"Core/Src/main.o" --specs=nano.specs -mfpu=fpv4-sp-d16 -mfloat-abi=hard -mthumb -o "Core/Src/main.o"
arm-none-eabi-gcc -o "020WFI_Button.elf" @"objects.list"   -mcpu=cortex-m4 -T"C:\Users\umurd\Desktop\MCU2\020WFI_Button\STM32F407VGTX_FLASH.ld" --specs=nosys.specs -Wl,-Map="020WFI_Button.map" -Wl,--gc-sections -static --specs=nano.specs -mfpu=fpv4-sp-d16 -mfloat-abi=hard -mthumb -Wl,--start-group -lc -lm -Wl,--end-group
Finished building target: 020WFI_Button.elf
 
arm-none-eabi-size   020WFI_Button.elf 
arm-none-eabi-objdump -h -S  020WFI_Button.elf  > "020WFI_Button.list"
arm-none-eabi-objcopy  -O binary  020WFI_Button.elf  "020WFI_Button.bin"
   text	   data	    bss	    dec	    hex	filename
   6584	     64	   1712	   8360	   20a8	020WFI_Button.elf
Finished building: default.size.stdout
 
Finished building: 020WFI_Button.bin
 
Finished building: 020WFI_Button.list
 

14:16:10 Build Finished. 0 errors, 0 warnings. (took 847ms)

