11:24:13 **** Incremental Build of configuration Debug for project 026RTC_AlarmA3 ****
make -j12 all 
arm-none-eabi-gcc "../Core/Src/main.c" -mcpu=cortex-m4 -std=gnu11 -g3 -DDEBUG -DUSE_HAL_DRIVER -DSTM32F407xx -c -I../Core/Inc -I../Drivers/STM32F4xx_HAL_Driver/Inc -I../Drivers/STM32F4xx_HAL_Driver/Inc/Legacy -I../Drivers/CMSIS/Device/ST/STM32F4xx/Include -I../Drivers/CMSIS/Include -O0 -ffunction-sections -fdata-sections -Wall -fstack-usage -MMD -MP -MF"Core/Src/main.d" -MT"Core/Src/main.o" --specs=nano.specs -mfpu=fpv4-sp-d16 -mfloat-abi=hard -mthumb -o "Core/Src/main.o"
arm-none-eabi-gcc -o "026RTC_AlarmA3.elf" @"objects.list"   -mcpu=cortex-m4 -T"C:\Users\umurd\Desktop\MCU2\026RTC_AlarmA3\STM32F407VGTX_FLASH.ld" --specs=nosys.specs -Wl,-Map="026RTC_AlarmA3.map" -Wl,--gc-sections -static --specs=nano.specs -mfpu=fpv4-sp-d16 -mfloat-abi=hard -mthumb -Wl,--start-group -lc -lm -Wl,--end-group
Finished building target: 026RTC_AlarmA3.elf
 
arm-none-eabi-size   026RTC_AlarmA3.elf 
arm-none-eabi-objdump -h -S  026RTC_AlarmA3.elf  > "026RTC_AlarmA3.list"
arm-none-eabi-objcopy  -O binary  026RTC_AlarmA3.elf  "026RTC_AlarmA3.bin"
   text	   data	    bss	    dec	    hex	filename
  14536	    120	   1920	  16576	   40c0	026RTC_AlarmA3.elf
Finished building: default.size.stdout
 
Finished building: 026RTC_AlarmA3.bin
 
Finished building: 026RTC_AlarmA3.list
 

11:24:14 Build Finished. 0 errors, 0 warnings. (took 1s.458ms)

