12:09:42 **** Incremental Build of configuration Debug for project 027RTC_AlarmA_Standby_WakeUp ****
make -j12 all 
arm-none-eabi-gcc "../Core/Src/main.c" -mcpu=cortex-m4 -std=gnu11 -g3 -DDEBUG -DUSE_HAL_DRIVER -DSTM32F407xx -c -I../Core/Inc -I../Drivers/STM32F4xx_HAL_Driver/Inc -I../Drivers/STM32F4xx_HAL_Driver/Inc/Legacy -I../Drivers/CMSIS/Device/ST/STM32F4xx/Include -I../Drivers/CMSIS/Include -O0 -ffunction-sections -fdata-sections -Wall -fstack-usage -MMD -MP -MF"Core/Src/main.d" -MT"Core/Src/main.o" --specs=nano.specs -mfpu=fpv4-sp-d16 -mfloat-abi=hard -mthumb -o "Core/Src/main.o"
arm-none-eabi-gcc -o "027RTC_AlarmA_Standby_WakeUp.elf" @"objects.list"   -mcpu=cortex-m4 -T"C:\Users\umurd\Desktop\MCU2\027RTC_AlarmA_Standby_WakeUp\STM32F407VGTX_FLASH.ld" --specs=nosys.specs -Wl,-Map="027RTC_AlarmA_Standby_WakeUp.map" -Wl,--gc-sections -static --specs=nano.specs -mfpu=fpv4-sp-d16 -mfloat-abi=hard -mthumb -Wl,--start-group -lc -lm -Wl,--end-group
Finished building target: 027RTC_AlarmA_Standby_WakeUp.elf
 
arm-none-eabi-size   027RTC_AlarmA_Standby_WakeUp.elf 
arm-none-eabi-objdump -h -S  027RTC_AlarmA_Standby_WakeUp.elf  > "027RTC_AlarmA_Standby_WakeUp.list"
arm-none-eabi-objcopy  -O binary  027RTC_AlarmA_Standby_WakeUp.elf  "027RTC_AlarmA_Standby_WakeUp.bin"
   text	   data	    bss	    dec	    hex	filename
  14844	    120	   1920	  16884	   41f4	027RTC_AlarmA_Standby_WakeUp.elf
Finished building: default.size.stdout
 
Finished building: 027RTC_AlarmA_Standby_WakeUp.bin
 
Finished building: 027RTC_AlarmA_Standby_WakeUp.list
 

12:09:43 Build Finished. 0 errors, 0 warnings. (took 855ms)

