17:52:10 **** Clean-only build of configuration Debug for project 012Timer_Output_Compare ****
make -j12 clean 
rm -rf  default.size.stdout  012Timer_Output_Compare.list  012Timer_Output_Compare.elf  ./Drivers/STM32F4xx_HAL_Driver/Src/stm32f4xx_hal.o ./Drivers/STM32F4xx_HAL_Driver/Src/stm32f4xx_hal_cortex.o ./Drivers/STM32F4xx_HAL_Driver/Src/stm32f4xx_hal_dma.o ./Drivers/STM32F4xx_HAL_Driver/Src/stm32f4xx_hal_dma_ex.o ./Drivers/STM32F4xx_HAL_Driver/Src/stm32f4xx_hal_exti.o ./Drivers/STM32F4xx_HAL_Driver/Src/stm32f4xx_hal_flash.o ./Drivers/STM32F4xx_HAL_Driver/Src/stm32f4xx_hal_flash_ex.o ./Drivers/STM32F4xx_HAL_Driver/Src/stm32f4xx_hal_flash_ramfunc.o ./Drivers/STM32F4xx_HAL_Driver/Src/stm32f4xx_hal_gpio.o ./Drivers/STM32F4xx_HAL_Driver/Src/stm32f4xx_hal_hcd.o ./Drivers/STM32F4xx_HAL_Driver/Src/stm32f4xx_hal_i2c.o ./Drivers/STM32F4xx_HAL_Driver/Src/stm32f4xx_hal_i2c_ex.o ./Drivers/STM32F4xx_HAL_Driver/Src/stm32f4xx_hal_i2s.o ./Drivers/STM32F4xx_HAL_Driver/Src/stm32f4xx_hal_i2s_ex.o ./Drivers/STM32F4xx_HAL_Driver/Src/stm32f4xx_hal_pwr.o ./Drivers/STM32F4xx_HAL_Driver/Src/stm32f4xx_hal_pwr_ex.o ./Drivers/STM32F4xx_HAL_Driver/Src/stm32f4xx_hal_rcc.o ./Drivers/STM32F4xx_HAL_Driver/Src/stm32f4xx_hal_rcc_ex.o ./Drivers/STM32F4xx_HAL_Driver/Src/stm32f4xx_hal_spi.o ./Drivers/STM32F4xx_HAL_Driver/Src/stm32f4xx_hal_tim.o ./Drivers/STM32F4xx_HAL_Driver/Src/stm32f4xx_hal_tim_ex.o ./Drivers/STM32F4xx_HAL_Driver/Src/stm32f4xx_hal_uart.o ./Drivers/STM32F4xx_HAL_Driver/Src/stm32f4xx_ll_usb.o  ./Core/Startup/startup_stm32f407vgtx.o  ./Core/Src/it.o ./Core/Src/main.o ./Core/Src/msp.o ./Core/Src/syscalls.o ./Core/Src/sysmem.o ./Core/Src/system_stm32f4xx.o  ./Core/Startup/startup_stm32f407vgtx.d  ./Drivers/STM32F4xx_HAL_Driver/Src/stm32f4xx_hal.d ./Drivers/STM32F4xx_HAL_Driver/Src/stm32f4xx_hal_cortex.d ./Drivers/STM32F4xx_HAL_Driver/Src/stm32f4xx_hal_dma.d ./Drivers/STM32F4xx_HAL_Driver/Src/stm32f4xx_hal_dma_ex.d ./Drivers/STM32F4xx_HAL_Driver/Src/stm32f4xx_hal_exti.d ./Drivers/STM32F4xx_HAL_Driver/Src/stm32f4xx_hal_flash.d ./Drivers/STM32F4xx_HAL_Driver/Src/stm32f4xx_hal_flash_ex.d ./Drivers/STM32F4xx_HAL_Driver/Src/stm32f4xx_hal_flash_ramfunc.d ./Drivers/STM32F4xx_HAL_Driver/Src/stm32f4xx_hal_gpio.d ./Drivers/STM32F4xx_HAL_Driver/Src/stm32f4xx_hal_hcd.d ./Drivers/STM32F4xx_HAL_Driver/Src/stm32f4xx_hal_i2c.d ./Drivers/STM32F4xx_HAL_Driver/Src/stm32f4xx_hal_i2c_ex.d ./Drivers/STM32F4xx_HAL_Driver/Src/stm32f4xx_hal_i2s.d ./Drivers/STM32F4xx_HAL_Driver/Src/stm32f4xx_hal_i2s_ex.d ./Drivers/STM32F4xx_HAL_Driver/Src/stm32f4xx_hal_pwr.d ./Drivers/STM32F4xx_HAL_Driver/Src/stm32f4xx_hal_pwr_ex.d ./Drivers/STM32F4xx_HAL_Driver/Src/stm32f4xx_hal_rcc.d ./Drivers/STM32F4xx_HAL_Driver/Src/stm32f4xx_hal_rcc_ex.d ./Drivers/STM32F4xx_HAL_Driver/Src/stm32f4xx_hal_spi.d ./Drivers/STM32F4xx_HAL_Driver/Src/stm32f4xx_hal_tim.d ./Drivers/STM32F4xx_HAL_Driver/Src/stm32f4xx_hal_tim_ex.d ./Drivers/STM32F4xx_HAL_Driver/Src/stm32f4xx_hal_uart.d ./Drivers/STM32F4xx_HAL_Driver/Src/stm32f4xx_ll_usb.d  ./Core/Src/it.d ./Core/Src/main.d ./Core/Src/msp.d ./Core/Src/syscalls.d ./Core/Src/sysmem.d ./Core/Src/system_stm32f4xx.d  012Timer_Output_Compare.bin  012Timer_Output_Compare.elf
 
17:52:15 **** Incremental Build of configuration Debug for project 013Timer_OC_PWM ****
make -j12 all 
arm-none-eabi-gcc "../Core/Src/it.c" -mcpu=cortex-m4 -std=gnu11 -g3 -DDEBUG -DUSE_HAL_DRIVER -DSTM32F407xx -c -I../USB_HOST/App -I../USB_HOST/Target -I../Core/Inc -I../Drivers/STM32F4xx_HAL_Driver/Inc -I../Drivers/STM32F4xx_HAL_Driver/Inc/Legacy -I../Middlewares/ST/STM32_USB_Host_Library/Core/Inc -I../Middlewares/ST/STM32_USB_Host_Library/Class/CDC/Inc -I../Drivers/CMSIS/Device/ST/STM32F4xx/Include -I../Drivers/CMSIS/Include -O0 -ffunction-sections -fdata-sections -Wall -fstack-usage -MMD -MP -MF"Core/Src/it.d" -MT"Core/Src/it.o" --specs=nano.specs -mfpu=fpv4-sp-d16 -mfloat-abi=hard -mthumb -o "Core/Src/it.o"
arm-none-eabi-gcc "../Core/Src/main.c" -mcpu=cortex-m4 -std=gnu11 -g3 -DDEBUG -DUSE_HAL_DRIVER -DSTM32F407xx -c -I../USB_HOST/App -I../USB_HOST/Target -I../Core/Inc -I../Drivers/STM32F4xx_HAL_Driver/Inc -I../Drivers/STM32F4xx_HAL_Driver/Inc/Legacy -I../Middlewares/ST/STM32_USB_Host_Library/Core/Inc -I../Middlewares/ST/STM32_USB_Host_Library/Class/CDC/Inc -I../Drivers/CMSIS/Device/ST/STM32F4xx/Include -I../Drivers/CMSIS/Include -O0 -ffunction-sections -fdata-sections -Wall -fstack-usage -MMD -MP -MF"Core/Src/main.d" -MT"Core/Src/main.o" --specs=nano.specs -mfpu=fpv4-sp-d16 -mfloat-abi=hard -mthumb -o "Core/Src/main.o"
arm-none-eabi-gcc "../Core/Src/msp.c" -mcpu=cortex-m4 -std=gnu11 -g3 -DDEBUG -DUSE_HAL_DRIVER -DSTM32F407xx -c -I../USB_HOST/App -I../USB_HOST/Target -I../Core/Inc -I../Drivers/STM32F4xx_HAL_Driver/Inc -I../Drivers/STM32F4xx_HAL_Driver/Inc/Legacy -I../Middlewares/ST/STM32_USB_Host_Library/Core/Inc -I../Middlewares/ST/STM32_USB_Host_Library/Class/CDC/Inc -I../Drivers/CMSIS/Device/ST/STM32F4xx/Include -I../Drivers/CMSIS/Include -O0 -ffunction-sections -fdata-sections -Wall -fstack-usage -MMD -MP -MF"Core/Src/msp.d" -MT"Core/Src/msp.o" --specs=nano.specs -mfpu=fpv4-sp-d16 -mfloat-abi=hard -mthumb -o "Core/Src/msp.o"
arm-none-eabi-gcc -o "013Timer_OC_PWM.elf" @"objects.list"   -mcpu=cortex-m4 -T"C:\Users\umurd\Desktop\MCU2\013Timer_OC_PWM\STM32F407VGTX_FLASH.ld" --specs=nosys.specs -Wl,-Map="013Timer_OC_PWM.map" -Wl,--gc-sections -static --specs=nano.specs -mfpu=fpv4-sp-d16 -mfloat-abi=hard -mthumb -Wl,--start-group -lc -lm -Wl,--end-group
Finished building target: 013Timer_OC_PWM.elf
 
arm-none-eabi-size   013Timer_OC_PWM.elf 
arm-none-eabi-objdump -h -S  013Timer_OC_PWM.elf  > "013Timer_OC_PWM.list"
arm-none-eabi-objcopy  -O binary  013Timer_OC_PWM.elf  "013Timer_OC_PWM.bin"
   text	   data	    bss	    dec	    hex	filename
   7904	     20	   1708	   9632	   25a0	013Timer_OC_PWM.elf
Finished building: default.size.stdout
 
Finished building: 013Timer_OC_PWM.bin
Finished building: 013Timer_OC_PWM.list
 
 
17:55:24 **** Build of configuration Debug for project 012Timer_Output_Compare ****
make -j12 all 
arm-none-eabi-gcc "../Drivers/STM32F4xx_HAL_Driver/Src/stm32f4xx_hal.c" -mcpu=cortex-m4 -std=gnu11 -g3 -DDEBUG -DUSE_HAL_DRIVER -DSTM32F407xx -c -I../USB_HOST/App -I../USB_HOST/Target -I../Core/Inc -I../Drivers/STM32F4xx_HAL_Driver/Inc -I../Drivers/STM32F4xx_HAL_Driver/Inc/Legacy -I../Middlewares/ST/STM32_USB_Host_Library/Core/Inc -I../Middlewares/ST/STM32_USB_Host_Library/Class/CDC/Inc -I../Drivers/CMSIS/Device/ST/STM32F4xx/Include -I../Drivers/CMSIS/Include -O0 -ffunction-sections -fdata-sections -Wall -fstack-usage -MMD -MP -MF"Drivers/STM32F4xx_HAL_Driver/Src/stm32f4xx_hal.d" -MT"Drivers/STM32F4xx_HAL_Driver/Src/stm32f4xx_hal.o" --specs=nano.specs -mfpu=fpv4-sp-d16 -mfloat-abi=hard -mthumb -o "Drivers/STM32F4xx_HAL_Driver/Src/stm32f4xx_hal.o"
arm-none-eabi-gcc "../Drivers/STM32F4xx_HAL_Driver/Src/stm32f4xx_hal_cortex.c" -mcpu=cortex-m4 -std=gnu11 -g3 -DDEBUG -DUSE_HAL_DRIVER -DSTM32F407xx -c -I../USB_HOST/App -I../USB_HOST/Target -I../Core/Inc -I../Drivers/STM32F4xx_HAL_Driver/Inc -I../Drivers/STM32F4xx_HAL_Driver/Inc/Legacy -I../Middlewares/ST/STM32_USB_Host_Library/Core/Inc -I../Middlewares/ST/STM32_USB_Host_Library/Class/CDC/Inc -I../Drivers/CMSIS/Device/ST/STM32F4xx/Include -I../Drivers/CMSIS/Include -O0 -ffunction-sections -fdata-sections -Wall -fstack-usage -MMD -MP -MF"Drivers/STM32F4xx_HAL_Driver/Src/stm32f4xx_hal_cortex.d" -MT"Drivers/STM32F4xx_HAL_Driver/Src/stm32f4xx_hal_cortex.o" --specs=nano.specs -mfpu=fpv4-sp-d16 -mfloat-abi=hard -mthumb -o "Drivers/STM32F4xx_HAL_Driver/Src/stm32f4xx_hal_cortex.o"
arm-none-eabi-gcc "../Drivers/STM32F4xx_HAL_Driver/Src/stm32f4xx_hal_dma.c" -mcpu=cortex-m4 -std=gnu11 -g3 -DDEBUG -DUSE_HAL_DRIVER -DSTM32F407xx -c -I../USB_HOST/App -I../USB_HOST/Target -I../Core/Inc -I../Drivers/STM32F4xx_HAL_Driver/Inc -I../Drivers/STM32F4xx_HAL_Driver/Inc/Legacy -I../Middlewares/ST/STM32_USB_Host_Library/Core/Inc -I../Middlewares/ST/STM32_USB_Host_Library/Class/CDC/Inc -I../Drivers/CMSIS/Device/ST/STM32F4xx/Include -I../Drivers/CMSIS/Include -O0 -ffunction-sections -fdata-sections -Wall -fstack-usage -MMD -MP -MF"Drivers/STM32F4xx_HAL_Driver/Src/stm32f4xx_hal_dma.d" -MT"Drivers/STM32F4xx_HAL_Driver/Src/stm32f4xx_hal_dma.o" --specs=nano.specs -mfpu=fpv4-sp-d16 -mfloat-abi=hard -mthumb -o "Drivers/STM32F4xx_HAL_Driver/Src/stm32f4xx_hal_dma.o"
arm-none-eabi-gcc "../Drivers/STM32F4xx_HAL_Driver/Src/stm32f4xx_hal_dma_ex.c" -mcpu=cortex-m4 -std=gnu11 -g3 -DDEBUG -DUSE_HAL_DRIVER -DSTM32F407xx -c -I../USB_HOST/App -I../USB_HOST/Target -I../Core/Inc -I../Drivers/STM32F4xx_HAL_Driver/Inc -I../Drivers/STM32F4xx_HAL_Driver/Inc/Legacy -I../Middlewares/ST/STM32_USB_Host_Library/Core/Inc -I../Middlewares/ST/STM32_USB_Host_Library/Class/CDC/Inc -I../Drivers/CMSIS/Device/ST/STM32F4xx/Include -I../Drivers/CMSIS/Include -O0 -ffunction-sections -fdata-sections -Wall -fstack-usage -MMD -MP -MF"Drivers/STM32F4xx_HAL_Driver/Src/stm32f4xx_hal_dma_ex.d" -MT"Drivers/STM32F4xx_HAL_Driver/Src/stm32f4xx_hal_dma_ex.o" --specs=nano.specs -mfpu=fpv4-sp-d16 -mfloat-abi=hard -mthumb -o "Drivers/STM32F4xx_HAL_Driver/Src/stm32f4xx_hal_dma_ex.o"
arm-none-eabi-gcc "../Drivers/STM32F4xx_HAL_Driver/Src/stm32f4xx_hal_exti.c" -mcpu=cortex-m4 -std=gnu11 -g3 -DDEBUG -DUSE_HAL_DRIVER -DSTM32F407xx -c -I../USB_HOST/App -I../USB_HOST/Target -I../Core/Inc -I../Drivers/STM32F4xx_HAL_Driver/Inc -I../Drivers/STM32F4xx_HAL_Driver/Inc/Legacy -I../Middlewares/ST/STM32_USB_Host_Library/Core/Inc -I../Middlewares/ST/STM32_USB_Host_Library/Class/CDC/Inc -I../Drivers/CMSIS/Device/ST/STM32F4xx/Include -I../Drivers/CMSIS/Include -O0 -ffunction-sections -fdata-sections -Wall -fstack-usage -MMD -MP -MF"Drivers/STM32F4xx_HAL_Driver/Src/stm32f4xx_hal_exti.d" -MT"Drivers/STM32F4xx_HAL_Driver/Src/stm32f4xx_hal_exti.o" --specs=nano.specs -mfpu=fpv4-sp-d16 -mfloat-abi=hard -mthumb -o "Drivers/STM32F4xx_HAL_Driver/Src/stm32f4xx_hal_exti.o"
arm-none-eabi-gcc "../Drivers/STM32F4xx_HAL_Driver/Src/stm32f4xx_hal_flash.c" -mcpu=cortex-m4 -std=gnu11 -g3 -DDEBUG -DUSE_HAL_DRIVER -DSTM32F407xx -c -I../USB_HOST/App -I../USB_HOST/Target -I../Core/Inc -I../Drivers/STM32F4xx_HAL_Driver/Inc -I../Drivers/STM32F4xx_HAL_Driver/Inc/Legacy -I../Middlewares/ST/STM32_USB_Host_Library/Core/Inc -I../Middlewares/ST/STM32_USB_Host_Library/Class/CDC/Inc -I../Drivers/CMSIS/Device/ST/STM32F4xx/Include -I../Drivers/CMSIS/Include -O0 -ffunction-sections -fdata-sections -Wall -fstack-usage -MMD -MP -MF"Drivers/STM32F4xx_HAL_Driver/Src/stm32f4xx_hal_flash.d" -MT"Drivers/STM32F4xx_HAL_Driver/Src/stm32f4xx_hal_flash.o" --specs=nano.specs -mfpu=fpv4-sp-d16 -mfloat-abi=hard -mthumb -o "Drivers/STM32F4xx_HAL_Driver/Src/stm32f4xx_hal_flash.o"
arm-none-eabi-gcc "../Drivers/STM32F4xx_HAL_Driver/Src/stm32f4xx_hal_flash_ex.c" -mcpu=cortex-m4 -std=gnu11 -g3 -DDEBUG -DUSE_HAL_DRIVER -DSTM32F407xx -c -I../USB_HOST/App -I../USB_HOST/Target -I../Core/Inc -I../Drivers/STM32F4xx_HAL_Driver/Inc -I../Drivers/STM32F4xx_HAL_Driver/Inc/Legacy -I../Middlewares/ST/STM32_USB_Host_Library/Core/Inc -I../Middlewares/ST/STM32_USB_Host_Library/Class/CDC/Inc -I../Drivers/CMSIS/Device/ST/STM32F4xx/Include -I../Drivers/CMSIS/Include -O0 -ffunction-sections -fdata-sections -Wall -fstack-usage -MMD -MP -MF"Drivers/STM32F4xx_HAL_Driver/Src/stm32f4xx_hal_flash_ex.d" -MT"Drivers/STM32F4xx_HAL_Driver/Src/stm32f4xx_hal_flash_ex.o" --specs=nano.specs -mfpu=fpv4-sp-d16 -mfloat-abi=hard -mthumb -o "Drivers/STM32F4xx_HAL_Driver/Src/stm32f4xx_hal_flash_ex.o"
arm-none-eabi-gcc "../Drivers/STM32F4xx_HAL_Driver/Src/stm32f4xx_hal_flash_ramfunc.c" -mcpu=cortex-m4 -std=gnu11 -g3 -DDEBUG -DUSE_HAL_DRIVER -DSTM32F407xx -c -I../USB_HOST/App -I../USB_HOST/Target -I../Core/Inc -I../Drivers/STM32F4xx_HAL_Driver/Inc -I../Drivers/STM32F4xx_HAL_Driver/Inc/Legacy -I../Middlewares/ST/STM32_USB_Host_Library/Core/Inc -I../Middlewares/ST/STM32_USB_Host_Library/Class/CDC/Inc -I../Drivers/CMSIS/Device/ST/STM32F4xx/Include -I../Drivers/CMSIS/Include -O0 -ffunction-sections -fdata-sections -Wall -fstack-usage -MMD -MP -MF"Drivers/STM32F4xx_HAL_Driver/Src/stm32f4xx_hal_flash_ramfunc.d" -MT"Drivers/STM32F4xx_HAL_Driver/Src/stm32f4xx_hal_flash_ramfunc.o" --specs=nano.specs -mfpu=fpv4-sp-d16 -mfloat-abi=hard -mthumb -o "Drivers/STM32F4xx_HAL_Driver/Src/stm32f4xx_hal_flash_ramfunc.o"
arm-none-eabi-gcc "../Drivers/STM32F4xx_HAL_Driver/Src/stm32f4xx_hal_gpio.c" -mcpu=cortex-m4 -std=gnu11 -g3 -DDEBUG -DUSE_HAL_DRIVER -DSTM32F407xx -c -I../USB_HOST/App -I../USB_HOST/Target -I../Core/Inc -I../Drivers/STM32F4xx_HAL_Driver/Inc -I../Drivers/STM32F4xx_HAL_Driver/Inc/Legacy -I../Middlewares/ST/STM32_USB_Host_Library/Core/Inc -I../Middlewares/ST/STM32_USB_Host_Library/Class/CDC/Inc -I../Drivers/CMSIS/Device/ST/STM32F4xx/Include -I../Drivers/CMSIS/Include -O0 -ffunction-sections -fdata-sections -Wall -fstack-usage -MMD -MP -MF"Drivers/STM32F4xx_HAL_Driver/Src/stm32f4xx_hal_gpio.d" -MT"Drivers/STM32F4xx_HAL_Driver/Src/stm32f4xx_hal_gpio.o" --specs=nano.specs -mfpu=fpv4-sp-d16 -mfloat-abi=hard -mthumb -o "Drivers/STM32F4xx_HAL_Driver/Src/stm32f4xx_hal_gpio.o"
arm-none-eabi-gcc "../Drivers/STM32F4xx_HAL_Driver/Src/stm32f4xx_hal_hcd.c" -mcpu=cortex-m4 -std=gnu11 -g3 -DDEBUG -DUSE_HAL_DRIVER -DSTM32F407xx -c -I../USB_HOST/App -I../USB_HOST/Target -I../Core/Inc -I../Drivers/STM32F4xx_HAL_Driver/Inc -I../Drivers/STM32F4xx_HAL_Driver/Inc/Legacy -I../Middlewares/ST/STM32_USB_Host_Library/Core/Inc -I../Middlewares/ST/STM32_USB_Host_Library/Class/CDC/Inc -I../Drivers/CMSIS/Device/ST/STM32F4xx/Include -I../Drivers/CMSIS/Include -O0 -ffunction-sections -fdata-sections -Wall -fstack-usage -MMD -MP -MF"Drivers/STM32F4xx_HAL_Driver/Src/stm32f4xx_hal_hcd.d" -MT"Drivers/STM32F4xx_HAL_Driver/Src/stm32f4xx_hal_hcd.o" --specs=nano.specs -mfpu=fpv4-sp-d16 -mfloat-abi=hard -mthumb -o "Drivers/STM32F4xx_HAL_Driver/Src/stm32f4xx_hal_hcd.o"
arm-none-eabi-gcc "../Drivers/STM32F4xx_HAL_Driver/Src/stm32f4xx_hal_i2c.c" -mcpu=cortex-m4 -std=gnu11 -g3 -DDEBUG -DUSE_HAL_DRIVER -DSTM32F407xx -c -I../USB_HOST/App -I../USB_HOST/Target -I../Core/Inc -I../Drivers/STM32F4xx_HAL_Driver/Inc -I../Drivers/STM32F4xx_HAL_Driver/Inc/Legacy -I../Middlewares/ST/STM32_USB_Host_Library/Core/Inc -I../Middlewares/ST/STM32_USB_Host_Library/Class/CDC/Inc -I../Drivers/CMSIS/Device/ST/STM32F4xx/Include -I../Drivers/CMSIS/Include -O0 -ffunction-sections -fdata-sections -Wall -fstack-usage -MMD -MP -MF"Drivers/STM32F4xx_HAL_Driver/Src/stm32f4xx_hal_i2c.d" -MT"Drivers/STM32F4xx_HAL_Driver/Src/stm32f4xx_hal_i2c.o" --specs=nano.specs -mfpu=fpv4-sp-d16 -mfloat-abi=hard -mthumb -o "Drivers/STM32F4xx_HAL_Driver/Src/stm32f4xx_hal_i2c.o"
arm-none-eabi-gcc "../Drivers/STM32F4xx_HAL_Driver/Src/stm32f4xx_hal_i2c_ex.c" -mcpu=cortex-m4 -std=gnu11 -g3 -DDEBUG -DUSE_HAL_DRIVER -DSTM32F407xx -c -I../USB_HOST/App -I../USB_HOST/Target -I../Core/Inc -I../Drivers/STM32F4xx_HAL_Driver/Inc -I../Drivers/STM32F4xx_HAL_Driver/Inc/Legacy -I../Middlewares/ST/STM32_USB_Host_Library/Core/Inc -I../Middlewares/ST/STM32_USB_Host_Library/Class/CDC/Inc -I../Drivers/CMSIS/Device/ST/STM32F4xx/Include -I../Drivers/CMSIS/Include -O0 -ffunction-sections -fdata-sections -Wall -fstack-usage -MMD -MP -MF"Drivers/STM32F4xx_HAL_Driver/Src/stm32f4xx_hal_i2c_ex.d" -MT"Drivers/STM32F4xx_HAL_Driver/Src/stm32f4xx_hal_i2c_ex.o" --specs=nano.specs -mfpu=fpv4-sp-d16 -mfloat-abi=hard -mthumb -o "Drivers/STM32F4xx_HAL_Driver/Src/stm32f4xx_hal_i2c_ex.o"
arm-none-eabi-gcc "../Drivers/STM32F4xx_HAL_Driver/Src/stm32f4xx_hal_i2s.c" -mcpu=cortex-m4 -std=gnu11 -g3 -DDEBUG -DUSE_HAL_DRIVER -DSTM32F407xx -c -I../USB_HOST/App -I../USB_HOST/Target -I../Core/Inc -I../Drivers/STM32F4xx_HAL_Driver/Inc -I../Drivers/STM32F4xx_HAL_Driver/Inc/Legacy -I../Middlewares/ST/STM32_USB_Host_Library/Core/Inc -I../Middlewares/ST/STM32_USB_Host_Library/Class/CDC/Inc -I../Drivers/CMSIS/Device/ST/STM32F4xx/Include -I../Drivers/CMSIS/Include -O0 -ffunction-sections -fdata-sections -Wall -fstack-usage -MMD -MP -MF"Drivers/STM32F4xx_HAL_Driver/Src/stm32f4xx_hal_i2s.d" -MT"Drivers/STM32F4xx_HAL_Driver/Src/stm32f4xx_hal_i2s.o" --specs=nano.specs -mfpu=fpv4-sp-d16 -mfloat-abi=hard -mthumb -o "Drivers/STM32F4xx_HAL_Driver/Src/stm32f4xx_hal_i2s.o"
arm-none-eabi-gcc "../Drivers/STM32F4xx_HAL_Driver/Src/stm32f4xx_hal_i2s_ex.c" -mcpu=cortex-m4 -std=gnu11 -g3 -DDEBUG -DUSE_HAL_DRIVER -DSTM32F407xx -c -I../USB_HOST/App -I../USB_HOST/Target -I../Core/Inc -I../Drivers/STM32F4xx_HAL_Driver/Inc -I../Drivers/STM32F4xx_HAL_Driver/Inc/Legacy -I../Middlewares/ST/STM32_USB_Host_Library/Core/Inc -I../Middlewares/ST/STM32_USB_Host_Library/Class/CDC/Inc -I../Drivers/CMSIS/Device/ST/STM32F4xx/Include -I../Drivers/CMSIS/Include -O0 -ffunction-sections -fdata-sections -Wall -fstack-usage -MMD -MP -MF"Drivers/STM32F4xx_HAL_Driver/Src/stm32f4xx_hal_i2s_ex.d" -MT"Drivers/STM32F4xx_HAL_Driver/Src/stm32f4xx_hal_i2s_ex.o" --specs=nano.specs -mfpu=fpv4-sp-d16 -mfloat-abi=hard -mthumb -o "Drivers/STM32F4xx_HAL_Driver/Src/stm32f4xx_hal_i2s_ex.o"
arm-none-eabi-gcc "../Drivers/STM32F4xx_HAL_Driver/Src/stm32f4xx_hal_pwr.c" -mcpu=cortex-m4 -std=gnu11 -g3 -DDEBUG -DUSE_HAL_DRIVER -DSTM32F407xx -c -I../USB_HOST/App -I../USB_HOST/Target -I../Core/Inc -I../Drivers/STM32F4xx_HAL_Driver/Inc -I../Drivers/STM32F4xx_HAL_Driver/Inc/Legacy -I../Middlewares/ST/STM32_USB_Host_Library/Core/Inc -I../Middlewares/ST/STM32_USB_Host_Library/Class/CDC/Inc -I../Drivers/CMSIS/Device/ST/STM32F4xx/Include -I../Drivers/CMSIS/Include -O0 -ffunction-sections -fdata-sections -Wall -fstack-usage -MMD -MP -MF"Drivers/STM32F4xx_HAL_Driver/Src/stm32f4xx_hal_pwr.d" -MT"Drivers/STM32F4xx_HAL_Driver/Src/stm32f4xx_hal_pwr.o" --specs=nano.specs -mfpu=fpv4-sp-d16 -mfloat-abi=hard -mthumb -o "Drivers/STM32F4xx_HAL_Driver/Src/stm32f4xx_hal_pwr.o"
arm-none-eabi-gcc "../Drivers/STM32F4xx_HAL_Driver/Src/stm32f4xx_hal_pwr_ex.c" -mcpu=cortex-m4 -std=gnu11 -g3 -DDEBUG -DUSE_HAL_DRIVER -DSTM32F407xx -c -I../USB_HOST/App -I../USB_HOST/Target -I../Core/Inc -I../Drivers/STM32F4xx_HAL_Driver/Inc -I../Drivers/STM32F4xx_HAL_Driver/Inc/Legacy -I../Middlewares/ST/STM32_USB_Host_Library/Core/Inc -I../Middlewares/ST/STM32_USB_Host_Library/Class/CDC/Inc -I../Drivers/CMSIS/Device/ST/STM32F4xx/Include -I../Drivers/CMSIS/Include -O0 -ffunction-sections -fdata-sections -Wall -fstack-usage -MMD -MP -MF"Drivers/STM32F4xx_HAL_Driver/Src/stm32f4xx_hal_pwr_ex.d" -MT"Drivers/STM32F4xx_HAL_Driver/Src/stm32f4xx_hal_pwr_ex.o" --specs=nano.specs -mfpu=fpv4-sp-d16 -mfloat-abi=hard -mthumb -o "Drivers/STM32F4xx_HAL_Driver/Src/stm32f4xx_hal_pwr_ex.o"
arm-none-eabi-gcc "../Drivers/STM32F4xx_HAL_Driver/Src/stm32f4xx_hal_rcc.c" -mcpu=cortex-m4 -std=gnu11 -g3 -DDEBUG -DUSE_HAL_DRIVER -DSTM32F407xx -c -I../USB_HOST/App -I../USB_HOST/Target -I../Core/Inc -I../Drivers/STM32F4xx_HAL_Driver/Inc -I../Drivers/STM32F4xx_HAL_Driver/Inc/Legacy -I../Middlewares/ST/STM32_USB_Host_Library/Core/Inc -I../Middlewares/ST/STM32_USB_Host_Library/Class/CDC/Inc -I../Drivers/CMSIS/Device/ST/STM32F4xx/Include -I../Drivers/CMSIS/Include -O0 -ffunction-sections -fdata-sections -Wall -fstack-usage -MMD -MP -MF"Drivers/STM32F4xx_HAL_Driver/Src/stm32f4xx_hal_rcc.d" -MT"Drivers/STM32F4xx_HAL_Driver/Src/stm32f4xx_hal_rcc.o" --specs=nano.specs -mfpu=fpv4-sp-d16 -mfloat-abi=hard -mthumb -o "Drivers/STM32F4xx_HAL_Driver/Src/stm32f4xx_hal_rcc.o"
arm-none-eabi-gcc "../Drivers/STM32F4xx_HAL_Driver/Src/stm32f4xx_hal_rcc_ex.c" -mcpu=cortex-m4 -std=gnu11 -g3 -DDEBUG -DUSE_HAL_DRIVER -DSTM32F407xx -c -I../USB_HOST/App -I../USB_HOST/Target -I../Core/Inc -I../Drivers/STM32F4xx_HAL_Driver/Inc -I../Drivers/STM32F4xx_HAL_Driver/Inc/Legacy -I../Middlewares/ST/STM32_USB_Host_Library/Core/Inc -I../Middlewares/ST/STM32_USB_Host_Library/Class/CDC/Inc -I../Drivers/CMSIS/Device/ST/STM32F4xx/Include -I../Drivers/CMSIS/Include -O0 -ffunction-sections -fdata-sections -Wall -fstack-usage -MMD -MP -MF"Drivers/STM32F4xx_HAL_Driver/Src/stm32f4xx_hal_rcc_ex.d" -MT"Drivers/STM32F4xx_HAL_Driver/Src/stm32f4xx_hal_rcc_ex.o" --specs=nano.specs -mfpu=fpv4-sp-d16 -mfloat-abi=hard -mthumb -o "Drivers/STM32F4xx_HAL_Driver/Src/stm32f4xx_hal_rcc_ex.o"
arm-none-eabi-gcc "../Drivers/STM32F4xx_HAL_Driver/Src/stm32f4xx_hal_spi.c" -mcpu=cortex-m4 -std=gnu11 -g3 -DDEBUG -DUSE_HAL_DRIVER -DSTM32F407xx -c -I../USB_HOST/App -I../USB_HOST/Target -I../Core/Inc -I../Drivers/STM32F4xx_HAL_Driver/Inc -I../Drivers/STM32F4xx_HAL_Driver/Inc/Legacy -I../Middlewares/ST/STM32_USB_Host_Library/Core/Inc -I../Middlewares/ST/STM32_USB_Host_Library/Class/CDC/Inc -I../Drivers/CMSIS/Device/ST/STM32F4xx/Include -I../Drivers/CMSIS/Include -O0 -ffunction-sections -fdata-sections -Wall -fstack-usage -MMD -MP -MF"Drivers/STM32F4xx_HAL_Driver/Src/stm32f4xx_hal_spi.d" -MT"Drivers/STM32F4xx_HAL_Driver/Src/stm32f4xx_hal_spi.o" --specs=nano.specs -mfpu=fpv4-sp-d16 -mfloat-abi=hard -mthumb -o "Drivers/STM32F4xx_HAL_Driver/Src/stm32f4xx_hal_spi.o"
arm-none-eabi-gcc "../Drivers/STM32F4xx_HAL_Driver/Src/stm32f4xx_hal_tim.c" -mcpu=cortex-m4 -std=gnu11 -g3 -DDEBUG -DUSE_HAL_DRIVER -DSTM32F407xx -c -I../USB_HOST/App -I../USB_HOST/Target -I../Core/Inc -I../Drivers/STM32F4xx_HAL_Driver/Inc -I../Drivers/STM32F4xx_HAL_Driver/Inc/Legacy -I../Middlewares/ST/STM32_USB_Host_Library/Core/Inc -I../Middlewares/ST/STM32_USB_Host_Library/Class/CDC/Inc -I../Drivers/CMSIS/Device/ST/STM32F4xx/Include -I../Drivers/CMSIS/Include -O0 -ffunction-sections -fdata-sections -Wall -fstack-usage -MMD -MP -MF"Drivers/STM32F4xx_HAL_Driver/Src/stm32f4xx_hal_tim.d" -MT"Drivers/STM32F4xx_HAL_Driver/Src/stm32f4xx_hal_tim.o" --specs=nano.specs -mfpu=fpv4-sp-d16 -mfloat-abi=hard -mthumb -o "Drivers/STM32F4xx_HAL_Driver/Src/stm32f4xx_hal_tim.o"
arm-none-eabi-gcc "../Drivers/STM32F4xx_HAL_Driver/Src/stm32f4xx_hal_tim_ex.c" -mcpu=cortex-m4 -std=gnu11 -g3 -DDEBUG -DUSE_HAL_DRIVER -DSTM32F407xx -c -I../USB_HOST/App -I../USB_HOST/Target -I../Core/Inc -I../Drivers/STM32F4xx_HAL_Driver/Inc -I../Drivers/STM32F4xx_HAL_Driver/Inc/Legacy -I../Middlewares/ST/STM32_USB_Host_Library/Core/Inc -I../Middlewares/ST/STM32_USB_Host_Library/Class/CDC/Inc -I../Drivers/CMSIS/Device/ST/STM32F4xx/Include -I../Drivers/CMSIS/Include -O0 -ffunction-sections -fdata-sections -Wall -fstack-usage -MMD -MP -MF"Drivers/STM32F4xx_HAL_Driver/Src/stm32f4xx_hal_tim_ex.d" -MT"Drivers/STM32F4xx_HAL_Driver/Src/stm32f4xx_hal_tim_ex.o" --specs=nano.specs -mfpu=fpv4-sp-d16 -mfloat-abi=hard -mthumb -o "Drivers/STM32F4xx_HAL_Driver/Src/stm32f4xx_hal_tim_ex.o"
arm-none-eabi-gcc "../Drivers/STM32F4xx_HAL_Driver/Src/stm32f4xx_hal_uart.c" -mcpu=cortex-m4 -std=gnu11 -g3 -DDEBUG -DUSE_HAL_DRIVER -DSTM32F407xx -c -I../USB_HOST/App -I../USB_HOST/Target -I../Core/Inc -I../Drivers/STM32F4xx_HAL_Driver/Inc -I../Drivers/STM32F4xx_HAL_Driver/Inc/Legacy -I../Middlewares/ST/STM32_USB_Host_Library/Core/Inc -I../Middlewares/ST/STM32_USB_Host_Library/Class/CDC/Inc -I../Drivers/CMSIS/Device/ST/STM32F4xx/Include -I../Drivers/CMSIS/Include -O0 -ffunction-sections -fdata-sections -Wall -fstack-usage -MMD -MP -MF"Drivers/STM32F4xx_HAL_Driver/Src/stm32f4xx_hal_uart.d" -MT"Drivers/STM32F4xx_HAL_Driver/Src/stm32f4xx_hal_uart.o" --specs=nano.specs -mfpu=fpv4-sp-d16 -mfloat-abi=hard -mthumb -o "Drivers/STM32F4xx_HAL_Driver/Src/stm32f4xx_hal_uart.o"
arm-none-eabi-gcc "../Drivers/STM32F4xx_HAL_Driver/Src/stm32f4xx_ll_usb.c" -mcpu=cortex-m4 -std=gnu11 -g3 -DDEBUG -DUSE_HAL_DRIVER -DSTM32F407xx -c -I../USB_HOST/App -I../USB_HOST/Target -I../Core/Inc -I../Drivers/STM32F4xx_HAL_Driver/Inc -I../Drivers/STM32F4xx_HAL_Driver/Inc/Legacy -I../Middlewares/ST/STM32_USB_Host_Library/Core/Inc -I../Middlewares/ST/STM32_USB_Host_Library/Class/CDC/Inc -I../Drivers/CMSIS/Device/ST/STM32F4xx/Include -I../Drivers/CMSIS/Include -O0 -ffunction-sections -fdata-sections -Wall -fstack-usage -MMD -MP -MF"Drivers/STM32F4xx_HAL_Driver/Src/stm32f4xx_ll_usb.d" -MT"Drivers/STM32F4xx_HAL_Driver/Src/stm32f4xx_ll_usb.o" --specs=nano.specs -mfpu=fpv4-sp-d16 -mfloat-abi=hard -mthumb -o "Drivers/STM32F4xx_HAL_Driver/Src/stm32f4xx_ll_usb.o"
arm-none-eabi-gcc -mcpu=cortex-m4 -g3 -DDEBUG -c -x assembler-with-cpp -MMD -MP -MF"Core/Startup/startup_stm32f407vgtx.d" -MT"Core/Startup/startup_stm32f407vgtx.o" --specs=nano.specs -mfpu=fpv4-sp-d16 -mfloat-abi=hard -mthumb -o "Core/Startup/startup_stm32f407vgtx.o" "../Core/Startup/startup_stm32f407vgtx.s"
arm-none-eabi-gcc "../Core/Src/it.c" -mcpu=cortex-m4 -std=gnu11 -g3 -DDEBUG -DUSE_HAL_DRIVER -DSTM32F407xx -c -I../USB_HOST/App -I../USB_HOST/Target -I../Core/Inc -I../Drivers/STM32F4xx_HAL_Driver/Inc -I../Drivers/STM32F4xx_HAL_Driver/Inc/Legacy -I../Middlewares/ST/STM32_USB_Host_Library/Core/Inc -I../Middlewares/ST/STM32_USB_Host_Library/Class/CDC/Inc -I../Drivers/CMSIS/Device/ST/STM32F4xx/Include -I../Drivers/CMSIS/Include -O0 -ffunction-sections -fdata-sections -Wall -fstack-usage -MMD -MP -MF"Core/Src/it.d" -MT"Core/Src/it.o" --specs=nano.specs -mfpu=fpv4-sp-d16 -mfloat-abi=hard -mthumb -o "Core/Src/it.o"
arm-none-eabi-gcc "../Core/Src/main.c" -mcpu=cortex-m4 -std=gnu11 -g3 -DDEBUG -DUSE_HAL_DRIVER -DSTM32F407xx -c -I../USB_HOST/App -I../USB_HOST/Target -I../Core/Inc -I../Drivers/STM32F4xx_HAL_Driver/Inc -I../Drivers/STM32F4xx_HAL_Driver/Inc/Legacy -I../Middlewares/ST/STM32_USB_Host_Library/Core/Inc -I../Middlewares/ST/STM32_USB_Host_Library/Class/CDC/Inc -I../Drivers/CMSIS/Device/ST/STM32F4xx/Include -I../Drivers/CMSIS/Include -O0 -ffunction-sections -fdata-sections -Wall -fstack-usage -MMD -MP -MF"Core/Src/main.d" -MT"Core/Src/main.o" --specs=nano.specs -mfpu=fpv4-sp-d16 -mfloat-abi=hard -mthumb -o "Core/Src/main.o"
arm-none-eabi-gcc "../Core/Src/msp.c" -mcpu=cortex-m4 -std=gnu11 -g3 -DDEBUG -DUSE_HAL_DRIVER -DSTM32F407xx -c -I../USB_HOST/App -I../USB_HOST/Target -I../Core/Inc -I../Drivers/STM32F4xx_HAL_Driver/Inc -I../Drivers/STM32F4xx_HAL_Driver/Inc/Legacy -I../Middlewares/ST/STM32_USB_Host_Library/Core/Inc -I../Middlewares/ST/STM32_USB_Host_Library/Class/CDC/Inc -I../Drivers/CMSIS/Device/ST/STM32F4xx/Include -I../Drivers/CMSIS/Include -O0 -ffunction-sections -fdata-sections -Wall -fstack-usage -MMD -MP -MF"Core/Src/msp.d" -MT"Core/Src/msp.o" --specs=nano.specs -mfpu=fpv4-sp-d16 -mfloat-abi=hard -mthumb -o "Core/Src/msp.o"
arm-none-eabi-gcc "../Core/Src/syscalls.c" -mcpu=cortex-m4 -std=gnu11 -g3 -DDEBUG -DUSE_HAL_DRIVER -DSTM32F407xx -c -I../USB_HOST/App -I../USB_HOST/Target -I../Core/Inc -I../Drivers/STM32F4xx_HAL_Driver/Inc -I../Drivers/STM32F4xx_HAL_Driver/Inc/Legacy -I../Middlewares/ST/STM32_USB_Host_Library/Core/Inc -I../Middlewares/ST/STM32_USB_Host_Library/Class/CDC/Inc -I../Drivers/CMSIS/Device/ST/STM32F4xx/Include -I../Drivers/CMSIS/Include -O0 -ffunction-sections -fdata-sections -Wall -fstack-usage -MMD -MP -MF"Core/Src/syscalls.d" -MT"Core/Src/syscalls.o" --specs=nano.specs -mfpu=fpv4-sp-d16 -mfloat-abi=hard -mthumb -o "Core/Src/syscalls.o"
arm-none-eabi-gcc "../Core/Src/sysmem.c" -mcpu=cortex-m4 -std=gnu11 -g3 -DDEBUG -DUSE_HAL_DRIVER -DSTM32F407xx -c -I../USB_HOST/App -I../USB_HOST/Target -I../Core/Inc -I../Drivers/STM32F4xx_HAL_Driver/Inc -I../Drivers/STM32F4xx_HAL_Driver/Inc/Legacy -I../Middlewares/ST/STM32_USB_Host_Library/Core/Inc -I../Middlewares/ST/STM32_USB_Host_Library/Class/CDC/Inc -I../Drivers/CMSIS/Device/ST/STM32F4xx/Include -I../Drivers/CMSIS/Include -O0 -ffunction-sections -fdata-sections -Wall -fstack-usage -MMD -MP -MF"Core/Src/sysmem.d" -MT"Core/Src/sysmem.o" --specs=nano.specs -mfpu=fpv4-sp-d16 -mfloat-abi=hard -mthumb -o "Core/Src/sysmem.o"
arm-none-eabi-gcc "../Core/Src/system_stm32f4xx.c" -mcpu=cortex-m4 -std=gnu11 -g3 -DDEBUG -DUSE_HAL_DRIVER -DSTM32F407xx -c -I../USB_HOST/App -I../USB_HOST/Target -I../Core/Inc -I../Drivers/STM32F4xx_HAL_Driver/Inc -I../Drivers/STM32F4xx_HAL_Driver/Inc/Legacy -I../Middlewares/ST/STM32_USB_Host_Library/Core/Inc -I../Middlewares/ST/STM32_USB_Host_Library/Class/CDC/Inc -I../Drivers/CMSIS/Device/ST/STM32F4xx/Include -I../Drivers/CMSIS/Include -O0 -ffunction-sections -fdata-sections -Wall -fstack-usage -MMD -MP -MF"Core/Src/system_stm32f4xx.d" -MT"Core/Src/system_stm32f4xx.o" --specs=nano.specs -mfpu=fpv4-sp-d16 -mfloat-abi=hard -mthumb -o "Core/Src/system_stm32f4xx.o"
arm-none-eabi-gcc -o "012Timer_Output_Compare.elf" @"objects.list"   -mcpu=cortex-m4 -T"C:\Users\umurd\Desktop\MCU2\012Timer_Output_Capture\STM32F407VGTX_FLASH.ld" --specs=nosys.specs -Wl,-Map="012Timer_Output_Compare.map" -Wl,--gc-sections -static --specs=nano.specs -mfpu=fpv4-sp-d16 -mfloat-abi=hard -mthumb -Wl,--start-group -lc -lm -Wl,--end-group
Finished building target: 012Timer_Output_Compare.elf
 
arm-none-eabi-size   012Timer_Output_Compare.elf 
arm-none-eabi-objdump -h -S  012Timer_Output_Compare.elf  > "012Timer_Output_Compare.list"
arm-none-eabi-objcopy  -O binary  012Timer_Output_Compare.elf  "012Timer_Output_Compare.bin"
   text	   data	    bss	    dec	    hex	filename
  10816	     36	   1812	  12664	   3178	012Timer_Output_Compare.elf
Finished building: default.size.stdout
 
Finished building: 012Timer_Output_Compare.list
 
Finished building: 012Timer_Output_Compare.bin
 
17:55:28 **** Incremental Build of configuration Debug for project 013Timer_OC_PWM ****
make -j12 all 
arm-none-eabi-gcc "../Core/Src/main.c" -mcpu=cortex-m4 -std=gnu11 -g3 -DDEBUG -DUSE_HAL_DRIVER -DSTM32F407xx -c -I../USB_HOST/App -I../USB_HOST/Target -I../Core/Inc -I../Drivers/STM32F4xx_HAL_Driver/Inc -I../Drivers/STM32F4xx_HAL_Driver/Inc/Legacy -I../Middlewares/ST/STM32_USB_Host_Library/Core/Inc -I../Middlewares/ST/STM32_USB_Host_Library/Class/CDC/Inc -I../Drivers/CMSIS/Device/ST/STM32F4xx/Include -I../Drivers/CMSIS/Include -O0 -ffunction-sections -fdata-sections -Wall -fstack-usage -MMD -MP -MF"Core/Src/main.d" -MT"Core/Src/main.o" --specs=nano.specs -mfpu=fpv4-sp-d16 -mfloat-abi=hard -mthumb -o "Core/Src/main.o"
arm-none-eabi-gcc -o "013Timer_OC_PWM.elf" @"objects.list"   -mcpu=cortex-m4 -T"C:\Users\umurd\Desktop\MCU2\013Timer_OC_PWM\STM32F407VGTX_FLASH.ld" --specs=nosys.specs -Wl,-Map="013Timer_OC_PWM.map" -Wl,--gc-sections -static --specs=nano.specs -mfpu=fpv4-sp-d16 -mfloat-abi=hard -mthumb -Wl,--start-group -lc -lm -Wl,--end-group
Finished building target: 013Timer_OC_PWM.elf
 
arm-none-eabi-size   013Timer_OC_PWM.elf 
arm-none-eabi-objdump -h -S  013Timer_OC_PWM.elf  > "013Timer_OC_PWM.list"
arm-none-eabi-objcopy  -O binary  013Timer_OC_PWM.elf  "013Timer_OC_PWM.bin"
   text	   data	    bss	    dec	    hex	filename
   8444	     20	   1708	  10172	   27bc	013Timer_OC_PWM.elf
Finished building: default.size.stdout
Finished building: 013Timer_OC_PWM.bin
 
 
Finished building: 013Timer_OC_PWM.list
 
18:09:49 **** Incremental Build of configuration Debug for project 013Timer_OC_PWM ****
make -j12 all 
arm-none-eabi-gcc "../Core/Src/main.c" -mcpu=cortex-m4 -std=gnu11 -g3 -DDEBUG -DUSE_HAL_DRIVER -DSTM32F407xx -c -I../USB_HOST/App -I../USB_HOST/Target -I../Core/Inc -I../Drivers/STM32F4xx_HAL_Driver/Inc -I../Drivers/STM32F4xx_HAL_Driver/Inc/Legacy -I../Middlewares/ST/STM32_USB_Host_Library/Core/Inc -I../Middlewares/ST/STM32_USB_Host_Library/Class/CDC/Inc -I../Drivers/CMSIS/Device/ST/STM32F4xx/Include -I../Drivers/CMSIS/Include -O0 -ffunction-sections -fdata-sections -Wall -fstack-usage -MMD -MP -MF"Core/Src/main.d" -MT"Core/Src/main.o" --specs=nano.specs -mfpu=fpv4-sp-d16 -mfloat-abi=hard -mthumb -o "Core/Src/main.o"
../Core/Src/main.c: In function 'TIMER2_Init':
../Core/Src/main.c:163:21: warning: variable 'tim2PWM_config' set but not used [-Wunused-but-set-variable]
  163 |  TIM_OC_InitTypeDef tim2PWM_config;
      |                     ^~~~~~~~~~~~~~
arm-none-eabi-gcc -o "013Timer_OC_PWM.elf" @"objects.list"   -mcpu=cortex-m4 -T"C:\Users\umurd\Desktop\MCU2\013Timer_OC_PWM\STM32F407VGTX_FLASH.ld" --specs=nosys.specs -Wl,-Map="013Timer_OC_PWM.map" -Wl,--gc-sections -static --specs=nano.specs -mfpu=fpv4-sp-d16 -mfloat-abi=hard -mthumb -Wl,--start-group -lc -lm -Wl,--end-group
Finished building target: 013Timer_OC_PWM.elf
 
arm-none-eabi-size   013Timer_OC_PWM.elf 
arm-none-eabi-objdump -h -S  013Timer_OC_PWM.elf  > "013Timer_OC_PWM.list"
arm-none-eabi-objcopy  -O binary  013Timer_OC_PWM.elf  "013Timer_OC_PWM.bin"
   text	   data	    bss	    dec	    hex	filename
   8488	     20	   1708	  10216	   27e8	013Timer_OC_PWM.elf
Finished building: default.size.stdout
 
Finished building: 013Timer_OC_PWM.bin
 
Finished building: 013Timer_OC_PWM.list
 
18:13:00 **** Incremental Build of configuration Debug for project 013Timer_OC_PWM ****
make -j12 all 
arm-none-eabi-gcc "../Core/Src/main.c" -mcpu=cortex-m4 -std=gnu11 -g3 -DDEBUG -DUSE_HAL_DRIVER -DSTM32F407xx -c -I../USB_HOST/App -I../USB_HOST/Target -I../Core/Inc -I../Drivers/STM32F4xx_HAL_Driver/Inc -I../Drivers/STM32F4xx_HAL_Driver/Inc/Legacy -I../Middlewares/ST/STM32_USB_Host_Library/Core/Inc -I../Middlewares/ST/STM32_USB_Host_Library/Class/CDC/Inc -I../Drivers/CMSIS/Device/ST/STM32F4xx/Include -I../Drivers/CMSIS/Include -O0 -ffunction-sections -fdata-sections -Wall -fstack-usage -MMD -MP -MF"Core/Src/main.d" -MT"Core/Src/main.o" --specs=nano.specs -mfpu=fpv4-sp-d16 -mfloat-abi=hard -mthumb -o "Core/Src/main.o"
arm-none-eabi-gcc -o "013Timer_OC_PWM.elf" @"objects.list"   -mcpu=cortex-m4 -T"C:\Users\umurd\Desktop\MCU2\013Timer_OC_PWM\STM32F407VGTX_FLASH.ld" --specs=nosys.specs -Wl,-Map="013Timer_OC_PWM.map" -Wl,--gc-sections -static --specs=nano.specs -mfpu=fpv4-sp-d16 -mfloat-abi=hard -mthumb -Wl,--start-group -lc -lm -Wl,--end-group
Finished building target: 013Timer_OC_PWM.elf
 
arm-none-eabi-size   013Timer_OC_PWM.elf 
arm-none-eabi-objdump -h -S  013Timer_OC_PWM.elf  > "013Timer_OC_PWM.list"
arm-none-eabi-objcopy  -O binary  013Timer_OC_PWM.elf  "013Timer_OC_PWM.bin"
   text	   data	    bss	    dec	    hex	filename
   9900	     20	   1708	  11628	   2d6c	013Timer_OC_PWM.elf
Finished building: default.size.stdout
 
Finished building: 013Timer_OC_PWM.bin
Finished building: 013Timer_OC_PWM.list
 
 
18:13:24 **** Incremental Build of configuration Debug for project 013Timer_OC_PWM ****
make -j12 all 
arm-none-eabi-size   013Timer_OC_PWM.elf 
   text	   data	    bss	    dec	    hex	filename
   9900	     20	   1708	  11628	   2d6c	013Timer_OC_PWM.elf
Finished building: default.size.stdout
 
18:17:11 **** Incremental Build of configuration Debug for project 013Timer_OC_PWM ****
make -j12 all 
arm-none-eabi-gcc "../Core/Src/main.c" -mcpu=cortex-m4 -std=gnu11 -g3 -DDEBUG -DUSE_HAL_DRIVER -DSTM32F407xx -c -I../USB_HOST/App -I../USB_HOST/Target -I../Core/Inc -I../Drivers/STM32F4xx_HAL_Driver/Inc -I../Drivers/STM32F4xx_HAL_Driver/Inc/Legacy -I../Middlewares/ST/STM32_USB_Host_Library/Core/Inc -I../Middlewares/ST/STM32_USB_Host_Library/Class/CDC/Inc -I../Drivers/CMSIS/Device/ST/STM32F4xx/Include -I../Drivers/CMSIS/Include -O0 -ffunction-sections -fdata-sections -Wall -fstack-usage -MMD -MP -MF"Core/Src/main.d" -MT"Core/Src/main.o" --specs=nano.specs -mfpu=fpv4-sp-d16 -mfloat-abi=hard -mthumb -o "Core/Src/main.o"
arm-none-eabi-gcc -o "013Timer_OC_PWM.elf" @"objects.list"   -mcpu=cortex-m4 -T"C:\Users\umurd\Desktop\MCU2\013Timer_OC_PWM\STM32F407VGTX_FLASH.ld" --specs=nosys.specs -Wl,-Map="013Timer_OC_PWM.map" -Wl,--gc-sections -static --specs=nano.specs -mfpu=fpv4-sp-d16 -mfloat-abi=hard -mthumb -Wl,--start-group -lc -lm -Wl,--end-group
Finished building target: 013Timer_OC_PWM.elf
 
arm-none-eabi-size   013Timer_OC_PWM.elf 
arm-none-eabi-objdump -h -S  013Timer_OC_PWM.elf  > "013Timer_OC_PWM.list"
arm-none-eabi-objcopy  -O binary  013Timer_OC_PWM.elf  "013Timer_OC_PWM.bin"
   text	   data	    bss	    dec	    hex	filename
  10448	     20	   1708	  12176	   2f90	013Timer_OC_PWM.elf
Finished building: default.size.stdout
Finished building: 013Timer_OC_PWM.bin
 
 
Finished building: 013Timer_OC_PWM.list
 
18:17:47 **** Incremental Build of configuration Debug for project 013Timer_OC_PWM ****
make -j12 all 
arm-none-eabi-gcc "../Core/Src/msp.c" -mcpu=cortex-m4 -std=gnu11 -g3 -DDEBUG -DUSE_HAL_DRIVER -DSTM32F407xx -c -I../USB_HOST/App -I../USB_HOST/Target -I../Core/Inc -I../Drivers/STM32F4xx_HAL_Driver/Inc -I../Drivers/STM32F4xx_HAL_Driver/Inc/Legacy -I../Middlewares/ST/STM32_USB_Host_Library/Core/Inc -I../Middlewares/ST/STM32_USB_Host_Library/Class/CDC/Inc -I../Drivers/CMSIS/Device/ST/STM32F4xx/Include -I../Drivers/CMSIS/Include -O0 -ffunction-sections -fdata-sections -Wall -fstack-usage -MMD -MP -MF"Core/Src/msp.d" -MT"Core/Src/msp.o" --specs=nano.specs -mfpu=fpv4-sp-d16 -mfloat-abi=hard -mthumb -o "Core/Src/msp.o"
arm-none-eabi-gcc -o "013Timer_OC_PWM.elf" @"objects.list"   -mcpu=cortex-m4 -T"C:\Users\umurd\Desktop\MCU2\013Timer_OC_PWM\STM32F407VGTX_FLASH.ld" --specs=nosys.specs -Wl,-Map="013Timer_OC_PWM.map" -Wl,--gc-sections -static --specs=nano.specs -mfpu=fpv4-sp-d16 -mfloat-abi=hard -mthumb -Wl,--start-group -lc -lm -Wl,--end-group
Finished building target: 013Timer_OC_PWM.elf
 
arm-none-eabi-size   013Timer_OC_PWM.elf 
arm-none-eabi-objdump -h -S  013Timer_OC_PWM.elf  > "013Timer_OC_PWM.list"
arm-none-eabi-objcopy  -O binary  013Timer_OC_PWM.elf  "013Timer_OC_PWM.bin"
   text	   data	    bss	    dec	    hex	filename
  10624	     20	   1708	  12352	   3040	013Timer_OC_PWM.elf
Finished building: default.size.stdout
 
Finished building: 013Timer_OC_PWM.bin
Finished building: 013Timer_OC_PWM.list
 
 
18:18:13 **** Incremental Build of configuration Debug for project 013Timer_OC_PWM ****
make -j12 all 
arm-none-eabi-size   013Timer_OC_PWM.elf 
   text	   data	    bss	    dec	    hex	filename
  10624	     20	   1708	  12352	   3040	013Timer_OC_PWM.elf
Finished building: default.size.stdout
 
18:22:08 **** Incremental Build of configuration Debug for project 013Timer_OC_PWM ****
make -j12 all 
arm-none-eabi-gcc "../Core/Src/main.c" -mcpu=cortex-m4 -std=gnu11 -g3 -DDEBUG -DUSE_HAL_DRIVER -DSTM32F407xx -c -I../USB_HOST/App -I../USB_HOST/Target -I../Core/Inc -I../Drivers/STM32F4xx_HAL_Driver/Inc -I../Drivers/STM32F4xx_HAL_Driver/Inc/Legacy -I../Middlewares/ST/STM32_USB_Host_Library/Core/Inc -I../Middlewares/ST/STM32_USB_Host_Library/Class/CDC/Inc -I../Drivers/CMSIS/Device/ST/STM32F4xx/Include -I../Drivers/CMSIS/Include -O0 -ffunction-sections -fdata-sections -Wall -fstack-usage -MMD -MP -MF"Core/Src/main.d" -MT"Core/Src/main.o" --specs=nano.specs -mfpu=fpv4-sp-d16 -mfloat-abi=hard -mthumb -o "Core/Src/main.o"
arm-none-eabi-gcc -o "013Timer_OC_PWM.elf" @"objects.list"   -mcpu=cortex-m4 -T"C:\Users\umurd\Desktop\MCU2\013Timer_OC_PWM\STM32F407VGTX_FLASH.ld" --specs=nosys.specs -Wl,-Map="013Timer_OC_PWM.map" -Wl,--gc-sections -static --specs=nano.specs -mfpu=fpv4-sp-d16 -mfloat-abi=hard -mthumb -Wl,--start-group -lc -lm -Wl,--end-group
Finished building target: 013Timer_OC_PWM.elf
 
arm-none-eabi-size   013Timer_OC_PWM.elf 
arm-none-eabi-objdump -h -S  013Timer_OC_PWM.elf  > "013Timer_OC_PWM.list"
arm-none-eabi-objcopy  -O binary  013Timer_OC_PWM.elf  "013Timer_OC_PWM.bin"
   text	   data	    bss	    dec	    hex	filename
  10620	     20	   1708	  12348	   303c	013Timer_OC_PWM.elf
Finished building: default.size.stdout
 
Finished building: 013Timer_OC_PWM.list
 
Finished building: 013Timer_OC_PWM.bin
 
18:22:25 **** Incremental Build of configuration Debug for project 013Timer_OC_PWM ****
make -j12 all 
arm-none-eabi-size   013Timer_OC_PWM.elf 
   text	   data	    bss	    dec	    hex	filename
  10620	     20	   1708	  12348	   303c	013Timer_OC_PWM.elf
Finished building: default.size.stdout
 
18:22:31 **** Incremental Build of configuration Debug for project 013Timer_OC_PWM ****
make -j12 all 
arm-none-eabi-size   013Timer_OC_PWM.elf 
   text	   data	    bss	    dec	    hex	filename
  10620	     20	   1708	  12348	   303c	013Timer_OC_PWM.elf
Finished building: default.size.stdout
 
18:22:51 **** Incremental Build of configuration Debug for project 013Timer_OC_PWM ****
make -j12 all 
arm-none-eabi-gcc "../Core/Src/main.c" -mcpu=cortex-m4 -std=gnu11 -g3 -DDEBUG -DUSE_HAL_DRIVER -DSTM32F407xx -c -I../USB_HOST/App -I../USB_HOST/Target -I../Core/Inc -I../Drivers/STM32F4xx_HAL_Driver/Inc -I../Drivers/STM32F4xx_HAL_Driver/Inc/Legacy -I../Middlewares/ST/STM32_USB_Host_Library/Core/Inc -I../Middlewares/ST/STM32_USB_Host_Library/Class/CDC/Inc -I../Drivers/CMSIS/Device/ST/STM32F4xx/Include -I../Drivers/CMSIS/Include -O0 -ffunction-sections -fdata-sections -Wall -fstack-usage -MMD -MP -MF"Core/Src/main.d" -MT"Core/Src/main.o" --specs=nano.specs -mfpu=fpv4-sp-d16 -mfloat-abi=hard -mthumb -o "Core/Src/main.o"
arm-none-eabi-gcc -o "013Timer_OC_PWM.elf" @"objects.list"   -mcpu=cortex-m4 -T"C:\Users\umurd\Desktop\MCU2\013Timer_OC_PWM\STM32F407VGTX_FLASH.ld" --specs=nosys.specs -Wl,-Map="013Timer_OC_PWM.map" -Wl,--gc-sections -static --specs=nano.specs -mfpu=fpv4-sp-d16 -mfloat-abi=hard -mthumb -Wl,--start-group -lc -lm -Wl,--end-group
Finished building target: 013Timer_OC_PWM.elf
 
arm-none-eabi-size   013Timer_OC_PWM.elf 
arm-none-eabi-objdump -h -S  013Timer_OC_PWM.elf  > "013Timer_OC_PWM.list"
arm-none-eabi-objcopy  -O binary  013Timer_OC_PWM.elf  "013Timer_OC_PWM.bin"
   text	   data	    bss	    dec	    hex	filename
  10624	     20	   1708	  12352	   3040	013Timer_OC_PWM.elf
Finished building: default.size.stdout
 
Finished building: 013Timer_OC_PWM.bin
 
Finished building: 013Timer_OC_PWM.list
 
18:22:54 **** Incremental Build of configuration Debug for project 013Timer_OC_PWM ****
make -j12 all 
arm-none-eabi-size   013Timer_OC_PWM.elf 
   text	   data	    bss	    dec	    hex	filename
  10624	     20	   1708	  12352	   3040	013Timer_OC_PWM.elf
Finished building: default.size.stdout
 
18:23:56 **** Incremental Build of configuration Debug for project 013Timer_OC_PWM ****
make -j12 all 
arm-none-eabi-gcc "../Core/Src/main.c" -mcpu=cortex-m4 -std=gnu11 -g3 -DDEBUG -DUSE_HAL_DRIVER -DSTM32F407xx -c -I../USB_HOST/App -I../USB_HOST/Target -I../Core/Inc -I../Drivers/STM32F4xx_HAL_Driver/Inc -I../Drivers/STM32F4xx_HAL_Driver/Inc/Legacy -I../Middlewares/ST/STM32_USB_Host_Library/Core/Inc -I../Middlewares/ST/STM32_USB_Host_Library/Class/CDC/Inc -I../Drivers/CMSIS/Device/ST/STM32F4xx/Include -I../Drivers/CMSIS/Include -O0 -ffunction-sections -fdata-sections -Wall -fstack-usage -MMD -MP -MF"Core/Src/main.d" -MT"Core/Src/main.o" --specs=nano.specs -mfpu=fpv4-sp-d16 -mfloat-abi=hard -mthumb -o "Core/Src/main.o"
arm-none-eabi-gcc -o "013Timer_OC_PWM.elf" @"objects.list"   -mcpu=cortex-m4 -T"C:\Users\umurd\Desktop\MCU2\013Timer_OC_PWM\STM32F407VGTX_FLASH.ld" --specs=nosys.specs -Wl,-Map="013Timer_OC_PWM.map" -Wl,--gc-sections -static --specs=nano.specs -mfpu=fpv4-sp-d16 -mfloat-abi=hard -mthumb -Wl,--start-group -lc -lm -Wl,--end-group
Finished building target: 013Timer_OC_PWM.elf
 
arm-none-eabi-size   013Timer_OC_PWM.elf 
arm-none-eabi-objdump -h -S  013Timer_OC_PWM.elf  > "013Timer_OC_PWM.list"
arm-none-eabi-objcopy  -O binary  013Timer_OC_PWM.elf  "013Timer_OC_PWM.bin"
   text	   data	    bss	    dec	    hex	filename
  10624	     20	   1708	  12352	   3040	013Timer_OC_PWM.elf
Finished building: default.size.stdout
 
Finished building: 013Timer_OC_PWM.list
Finished building: 013Timer_OC_PWM.bin
 
 
18:24:02 **** Incremental Build of configuration Debug for project 013Timer_OC_PWM ****
make -j12 all 
arm-none-eabi-size   013Timer_OC_PWM.elf 
   text	   data	    bss	    dec	    hex	filename
  10624	     20	   1708	  12352	   3040	013Timer_OC_PWM.elf
Finished building: default.size.stdout
 
18:24:17 **** Incremental Build of configuration Debug for project 013Timer_OC_PWM ****
make -j12 all 
arm-none-eabi-gcc "../Core/Src/main.c" -mcpu=cortex-m4 -std=gnu11 -g3 -DDEBUG -DUSE_HAL_DRIVER -DSTM32F407xx -c -I../USB_HOST/App -I../USB_HOST/Target -I../Core/Inc -I../Drivers/STM32F4xx_HAL_Driver/Inc -I../Drivers/STM32F4xx_HAL_Driver/Inc/Legacy -I../Middlewares/ST/STM32_USB_Host_Library/Core/Inc -I../Middlewares/ST/STM32_USB_Host_Library/Class/CDC/Inc -I../Drivers/CMSIS/Device/ST/STM32F4xx/Include -I../Drivers/CMSIS/Include -O0 -ffunction-sections -fdata-sections -Wall -fstack-usage -MMD -MP -MF"Core/Src/main.d" -MT"Core/Src/main.o" --specs=nano.specs -mfpu=fpv4-sp-d16 -mfloat-abi=hard -mthumb -o "Core/Src/main.o"
arm-none-eabi-gcc -o "013Timer_OC_PWM.elf" @"objects.list"   -mcpu=cortex-m4 -T"C:\Users\umurd\Desktop\MCU2\013Timer_OC_PWM\STM32F407VGTX_FLASH.ld" --specs=nosys.specs -Wl,-Map="013Timer_OC_PWM.map" -Wl,--gc-sections -static --specs=nano.specs -mfpu=fpv4-sp-d16 -mfloat-abi=hard -mthumb -Wl,--start-group -lc -lm -Wl,--end-group
Finished building target: 013Timer_OC_PWM.elf
 
arm-none-eabi-size   013Timer_OC_PWM.elf 
arm-none-eabi-objdump -h -S  013Timer_OC_PWM.elf  > "013Timer_OC_PWM.list"
arm-none-eabi-objcopy  -O binary  013Timer_OC_PWM.elf  "013Timer_OC_PWM.bin"
Finished building: 013Timer_OC_PWM.bin
 
   text	   data	    bss	    dec	    hex	filename
  10624	     20	   1708	  12352	   3040	013Timer_OC_PWM.elf
Finished building: 013Timer_OC_PWM.list
 
Finished building: default.size.stdout
 
18:24:26 **** Incremental Build of configuration Debug for project 013Timer_OC_PWM ****
make -j12 all 
arm-none-eabi-size   013Timer_OC_PWM.elf 
   text	   data	    bss	    dec	    hex	filename
  10624	     20	   1708	  12352	   3040	013Timer_OC_PWM.elf
Finished building: default.size.stdout
 
18:37:01 **** Build of configuration Debug for project 014Timer_PWM_LED ****
make -j12 all 
arm-none-eabi-gcc "../Core/Src/main.c" -mcpu=cortex-m4 -std=gnu11 -g3 -DDEBUG -DUSE_HAL_DRIVER -DSTM32F407xx -c -I../USB_HOST/App -I../USB_HOST/Target -I../Core/Inc -I../Drivers/STM32F4xx_HAL_Driver/Inc -I../Drivers/STM32F4xx_HAL_Driver/Inc/Legacy -I../Middlewares/ST/STM32_USB_Host_Library/Core/Inc -I../Middlewares/ST/STM32_USB_Host_Library/Class/CDC/Inc -I../Drivers/CMSIS/Device/ST/STM32F4xx/Include -I../Drivers/CMSIS/Include -O0 -ffunction-sections -fdata-sections -Wall -fstack-usage -MMD -MP -MF"Core/Src/main.d" -MT"Core/Src/main.o" --specs=nano.specs -mfpu=fpv4-sp-d16 -mfloat-abi=hard -mthumb -o "Core/Src/main.o"
arm-none-eabi-gcc -o "014Timer_PWM_LED.elf" @"objects.list"   -mcpu=cortex-m4 -T"C:\Users\umurd\Desktop\MCU2\014Timer_PWM_LED\STM32F407VGTX_FLASH.ld" --specs=nosys.specs -Wl,-Map="014Timer_PWM_LED.map" -Wl,--gc-sections -static --specs=nano.specs -mfpu=fpv4-sp-d16 -mfloat-abi=hard -mthumb -Wl,--start-group -lc -lm -Wl,--end-group
Finished building target: 014Timer_PWM_LED.elf
 
arm-none-eabi-size   014Timer_PWM_LED.elf 
arm-none-eabi-objdump -h -S  014Timer_PWM_LED.elf  > "014Timer_PWM_LED.list"
arm-none-eabi-objcopy  -O binary  014Timer_PWM_LED.elf  "014Timer_PWM_LED.bin"
   text	   data	    bss	    dec	    hex	filename
  10460	     20	   1708	  12188	   2f9c	014Timer_PWM_LED.elf
Finished building: default.size.stdout
 
Finished building: 014Timer_PWM_LED.bin
Finished building: 014Timer_PWM_LED.list
 
 
18:40:56 **** Incremental Build of configuration Debug for project 014Timer_PWM_LED ****
make -j12 all 
arm-none-eabi-gcc "../Core/Src/main.c" -mcpu=cortex-m4 -std=gnu11 -g3 -DDEBUG -DUSE_HAL_DRIVER -DSTM32F407xx -c -I../USB_HOST/App -I../USB_HOST/Target -I../Core/Inc -I../Drivers/STM32F4xx_HAL_Driver/Inc -I../Drivers/STM32F4xx_HAL_Driver/Inc/Legacy -I../Middlewares/ST/STM32_USB_Host_Library/Core/Inc -I../Middlewares/ST/STM32_USB_Host_Library/Class/CDC/Inc -I../Drivers/CMSIS/Device/ST/STM32F4xx/Include -I../Drivers/CMSIS/Include -O0 -ffunction-sections -fdata-sections -Wall -fstack-usage -MMD -MP -MF"Core/Src/main.d" -MT"Core/Src/main.o" --specs=nano.specs -mfpu=fpv4-sp-d16 -mfloat-abi=hard -mthumb -o "Core/Src/main.o"
arm-none-eabi-gcc -o "014Timer_PWM_LED.elf" @"objects.list"   -mcpu=cortex-m4 -T"C:\Users\umurd\Desktop\MCU2\014Timer_PWM_LED\STM32F407VGTX_FLASH.ld" --specs=nosys.specs -Wl,-Map="014Timer_PWM_LED.map" -Wl,--gc-sections -static --specs=nano.specs -mfpu=fpv4-sp-d16 -mfloat-abi=hard -mthumb -Wl,--start-group -lc -lm -Wl,--end-group
Finished building target: 014Timer_PWM_LED.elf
 
arm-none-eabi-size   014Timer_PWM_LED.elf 
arm-none-eabi-objdump -h -S  014Timer_PWM_LED.elf  > "014Timer_PWM_LED.list"
arm-none-eabi-objcopy  -O binary  014Timer_PWM_LED.elf  "014Timer_PWM_LED.bin"
   text	   data	    bss	    dec	    hex	filename
  10456	     20	   1708	  12184	   2f98	014Timer_PWM_LED.elf
Finished building: 014Timer_PWM_LED.bin
Finished building: default.size.stdout
 
 
Finished building: 014Timer_PWM_LED.list
 
18:41:39 **** Incremental Build of configuration Debug for project 014Timer_PWM_LED ****
make -j12 all 
arm-none-eabi-gcc "../Core/Src/main.c" -mcpu=cortex-m4 -std=gnu11 -g3 -DDEBUG -DUSE_HAL_DRIVER -DSTM32F407xx -c -I../USB_HOST/App -I../USB_HOST/Target -I../Core/Inc -I../Drivers/STM32F4xx_HAL_Driver/Inc -I../Drivers/STM32F4xx_HAL_Driver/Inc/Legacy -I../Middlewares/ST/STM32_USB_Host_Library/Core/Inc -I../Middlewares/ST/STM32_USB_Host_Library/Class/CDC/Inc -I../Drivers/CMSIS/Device/ST/STM32F4xx/Include -I../Drivers/CMSIS/Include -O0 -ffunction-sections -fdata-sections -Wall -fstack-usage -MMD -MP -MF"Core/Src/main.d" -MT"Core/Src/main.o" --specs=nano.specs -mfpu=fpv4-sp-d16 -mfloat-abi=hard -mthumb -o "Core/Src/main.o"
arm-none-eabi-gcc -o "014Timer_PWM_LED.elf" @"objects.list"   -mcpu=cortex-m4 -T"C:\Users\umurd\Desktop\MCU2\014Timer_PWM_LED\STM32F407VGTX_FLASH.ld" --specs=nosys.specs -Wl,-Map="014Timer_PWM_LED.map" -Wl,--gc-sections -static --specs=nano.specs -mfpu=fpv4-sp-d16 -mfloat-abi=hard -mthumb -Wl,--start-group -lc -lm -Wl,--end-group
Finished building target: 014Timer_PWM_LED.elf
 
arm-none-eabi-size   014Timer_PWM_LED.elf 
arm-none-eabi-objdump -h -S  014Timer_PWM_LED.elf  > "014Timer_PWM_LED.list"
arm-none-eabi-objcopy  -O binary  014Timer_PWM_LED.elf  "014Timer_PWM_LED.bin"
   text	   data	    bss	    dec	    hex	filename
  10532	     20	   1708	  12260	   2fe4	014Timer_PWM_LED.elf
Finished building: default.size.stdout
 
Finished building: 014Timer_PWM_LED.bin
 
Finished building: 014Timer_PWM_LED.list
 
18:42:19 **** Incremental Build of configuration Debug for project 014Timer_PWM_LED ****
make -j12 all 
arm-none-eabi-gcc "../Core/Src/main.c" -mcpu=cortex-m4 -std=gnu11 -g3 -DDEBUG -DUSE_HAL_DRIVER -DSTM32F407xx -c -I../USB_HOST/App -I../USB_HOST/Target -I../Core/Inc -I../Drivers/STM32F4xx_HAL_Driver/Inc -I../Drivers/STM32F4xx_HAL_Driver/Inc/Legacy -I../Middlewares/ST/STM32_USB_Host_Library/Core/Inc -I../Middlewares/ST/STM32_USB_Host_Library/Class/CDC/Inc -I../Drivers/CMSIS/Device/ST/STM32F4xx/Include -I../Drivers/CMSIS/Include -O0 -ffunction-sections -fdata-sections -Wall -fstack-usage -MMD -MP -MF"Core/Src/main.d" -MT"Core/Src/main.o" --specs=nano.specs -mfpu=fpv4-sp-d16 -mfloat-abi=hard -mthumb -o "Core/Src/main.o"
arm-none-eabi-gcc -o "014Timer_PWM_LED.elf" @"objects.list"   -mcpu=cortex-m4 -T"C:\Users\umurd\Desktop\MCU2\014Timer_PWM_LED\STM32F407VGTX_FLASH.ld" --specs=nosys.specs -Wl,-Map="014Timer_PWM_LED.map" -Wl,--gc-sections -static --specs=nano.specs -mfpu=fpv4-sp-d16 -mfloat-abi=hard -mthumb -Wl,--start-group -lc -lm -Wl,--end-group
Finished building target: 014Timer_PWM_LED.elf
 
arm-none-eabi-size   014Timer_PWM_LED.elf 
arm-none-eabi-objdump -h -S  014Timer_PWM_LED.elf  > "014Timer_PWM_LED.list"
arm-none-eabi-objcopy  -O binary  014Timer_PWM_LED.elf  "014Timer_PWM_LED.bin"
   text	   data	    bss	    dec	    hex	filename
  10532	     20	   1708	  12260	   2fe4	014Timer_PWM_LED.elf
Finished building: default.size.stdout
 
Finished building: 014Timer_PWM_LED.list
 
Finished building: 014Timer_PWM_LED.bin
 
18:42:48 **** Incremental Build of configuration Debug for project 014Timer_PWM_LED ****
make -j12 all 
arm-none-eabi-gcc "../Core/Src/main.c" -mcpu=cortex-m4 -std=gnu11 -g3 -DDEBUG -DUSE_HAL_DRIVER -DSTM32F407xx -c -I../USB_HOST/App -I../USB_HOST/Target -I../Core/Inc -I../Drivers/STM32F4xx_HAL_Driver/Inc -I../Drivers/STM32F4xx_HAL_Driver/Inc/Legacy -I../Middlewares/ST/STM32_USB_Host_Library/Core/Inc -I../Middlewares/ST/STM32_USB_Host_Library/Class/CDC/Inc -I../Drivers/CMSIS/Device/ST/STM32F4xx/Include -I../Drivers/CMSIS/Include -O0 -ffunction-sections -fdata-sections -Wall -fstack-usage -MMD -MP -MF"Core/Src/main.d" -MT"Core/Src/main.o" --specs=nano.specs -mfpu=fpv4-sp-d16 -mfloat-abi=hard -mthumb -o "Core/Src/main.o"
arm-none-eabi-gcc -o "014Timer_PWM_LED.elf" @"objects.list"   -mcpu=cortex-m4 -T"C:\Users\umurd\Desktop\MCU2\014Timer_PWM_LED\STM32F407VGTX_FLASH.ld" --specs=nosys.specs -Wl,-Map="014Timer_PWM_LED.map" -Wl,--gc-sections -static --specs=nano.specs -mfpu=fpv4-sp-d16 -mfloat-abi=hard -mthumb -Wl,--start-group -lc -lm -Wl,--end-group
Finished building target: 014Timer_PWM_LED.elf
 
arm-none-eabi-size   014Timer_PWM_LED.elf 
arm-none-eabi-objdump -h -S  014Timer_PWM_LED.elf  > "014Timer_PWM_LED.list"
arm-none-eabi-objcopy  -O binary  014Timer_PWM_LED.elf  "014Timer_PWM_LED.bin"
   text	   data	    bss	    dec	    hex	filename
  10532	     20	   1708	  12260	   2fe4	014Timer_PWM_LED.elf
Finished building: 014Timer_PWM_LED.bin
Finished building: default.size.stdout
 
Finished building: 014Timer_PWM_LED.list
 
 
18:42:53 **** Incremental Build of configuration Debug for project 014Timer_PWM_LED ****
make -j12 all 
arm-none-eabi-size   014Timer_PWM_LED.elf 
   text	   data	    bss	    dec	    hex	filename
  10532	     20	   1708	  12260	   2fe4	014Timer_PWM_LED.elf
Finished building: default.size.stdout
 
18:43:14 **** Incremental Build of configuration Debug for project 014Timer_PWM_LED ****
make -j12 all 
arm-none-eabi-gcc "../Core/Src/main.c" -mcpu=cortex-m4 -std=gnu11 -g3 -DDEBUG -DUSE_HAL_DRIVER -DSTM32F407xx -c -I../USB_HOST/App -I../USB_HOST/Target -I../Core/Inc -I../Drivers/STM32F4xx_HAL_Driver/Inc -I../Drivers/STM32F4xx_HAL_Driver/Inc/Legacy -I../Middlewares/ST/STM32_USB_Host_Library/Core/Inc -I../Middlewares/ST/STM32_USB_Host_Library/Class/CDC/Inc -I../Drivers/CMSIS/Device/ST/STM32F4xx/Include -I../Drivers/CMSIS/Include -O0 -ffunction-sections -fdata-sections -Wall -fstack-usage -MMD -MP -MF"Core/Src/main.d" -MT"Core/Src/main.o" --specs=nano.specs -mfpu=fpv4-sp-d16 -mfloat-abi=hard -mthumb -o "Core/Src/main.o"
arm-none-eabi-gcc -o "014Timer_PWM_LED.elf" @"objects.list"   -mcpu=cortex-m4 -T"C:\Users\umurd\Desktop\MCU2\014Timer_PWM_LED\STM32F407VGTX_FLASH.ld" --specs=nosys.specs -Wl,-Map="014Timer_PWM_LED.map" -Wl,--gc-sections -static --specs=nano.specs -mfpu=fpv4-sp-d16 -mfloat-abi=hard -mthumb -Wl,--start-group -lc -lm -Wl,--end-group
Finished building target: 014Timer_PWM_LED.elf
 
arm-none-eabi-size   014Timer_PWM_LED.elf 
arm-none-eabi-objdump -h -S  014Timer_PWM_LED.elf  > "014Timer_PWM_LED.list"
arm-none-eabi-objcopy  -O binary  014Timer_PWM_LED.elf  "014Timer_PWM_LED.bin"
   text	   data	    bss	    dec	    hex	filename
  10532	     20	   1708	  12260	   2fe4	014Timer_PWM_LED.elf
Finished building: default.size.stdout
 
Finished building: 014Timer_PWM_LED.list
Finished building: 014Timer_PWM_LED.bin
 
 
18:43:17 **** Incremental Build of configuration Debug for project 014Timer_PWM_LED ****
make -j12 all 
arm-none-eabi-size   014Timer_PWM_LED.elf 
   text	   data	    bss	    dec	    hex	filename
  10532	     20	   1708	  12260	   2fe4	014Timer_PWM_LED.elf
Finished building: default.size.stdout
 
18:43:45 **** Incremental Build of configuration Debug for project 014Timer_PWM_LED ****
make -j12 all 
arm-none-eabi-gcc "../Core/Src/main.c" -mcpu=cortex-m4 -std=gnu11 -g3 -DDEBUG -DUSE_HAL_DRIVER -DSTM32F407xx -c -I../USB_HOST/App -I../USB_HOST/Target -I../Core/Inc -I../Drivers/STM32F4xx_HAL_Driver/Inc -I../Drivers/STM32F4xx_HAL_Driver/Inc/Legacy -I../Middlewares/ST/STM32_USB_Host_Library/Core/Inc -I../Middlewares/ST/STM32_USB_Host_Library/Class/CDC/Inc -I../Drivers/CMSIS/Device/ST/STM32F4xx/Include -I../Drivers/CMSIS/Include -O0 -ffunction-sections -fdata-sections -Wall -fstack-usage -MMD -MP -MF"Core/Src/main.d" -MT"Core/Src/main.o" --specs=nano.specs -mfpu=fpv4-sp-d16 -mfloat-abi=hard -mthumb -o "Core/Src/main.o"
arm-none-eabi-gcc -o "014Timer_PWM_LED.elf" @"objects.list"   -mcpu=cortex-m4 -T"C:\Users\umurd\Desktop\MCU2\014Timer_PWM_LED\STM32F407VGTX_FLASH.ld" --specs=nosys.specs -Wl,-Map="014Timer_PWM_LED.map" -Wl,--gc-sections -static --specs=nano.specs -mfpu=fpv4-sp-d16 -mfloat-abi=hard -mthumb -Wl,--start-group -lc -lm -Wl,--end-group
Finished building target: 014Timer_PWM_LED.elf
 
arm-none-eabi-size   014Timer_PWM_LED.elf 
arm-none-eabi-objdump -h -S  014Timer_PWM_LED.elf  > "014Timer_PWM_LED.list"
arm-none-eabi-objcopy  -O binary  014Timer_PWM_LED.elf  "014Timer_PWM_LED.bin"
   text	   data	    bss	    dec	    hex	filename
  10532	     20	   1708	  12260	   2fe4	014Timer_PWM_LED.elf
Finished building: default.size.stdout
 
Finished building: 014Timer_PWM_LED.bin
 
Finished building: 014Timer_PWM_LED.list
 
18:43:47 **** Incremental Build of configuration Debug for project 014Timer_PWM_LED ****
make -j12 all 
arm-none-eabi-size   014Timer_PWM_LED.elf 
   text	   data	    bss	    dec	    hex	filename
  10532	     20	   1708	  12260	   2fe4	014Timer_PWM_LED.elf
Finished building: default.size.stdout
 
18:45:00 **** Incremental Build of configuration Debug for project 014Timer_PWM_LED ****
make -j12 all 
arm-none-eabi-gcc "../Core/Src/main.c" -mcpu=cortex-m4 -std=gnu11 -g3 -DDEBUG -DUSE_HAL_DRIVER -DSTM32F407xx -c -I../USB_HOST/App -I../USB_HOST/Target -I../Core/Inc -I../Drivers/STM32F4xx_HAL_Driver/Inc -I../Drivers/STM32F4xx_HAL_Driver/Inc/Legacy -I../Middlewares/ST/STM32_USB_Host_Library/Core/Inc -I../Middlewares/ST/STM32_USB_Host_Library/Class/CDC/Inc -I../Drivers/CMSIS/Device/ST/STM32F4xx/Include -I../Drivers/CMSIS/Include -O0 -ffunction-sections -fdata-sections -Wall -fstack-usage -MMD -MP -MF"Core/Src/main.d" -MT"Core/Src/main.o" --specs=nano.specs -mfpu=fpv4-sp-d16 -mfloat-abi=hard -mthumb -o "Core/Src/main.o"
arm-none-eabi-gcc -o "014Timer_PWM_LED.elf" @"objects.list"   -mcpu=cortex-m4 -T"C:\Users\umurd\Desktop\MCU2\014Timer_PWM_LED\STM32F407VGTX_FLASH.ld" --specs=nosys.specs -Wl,-Map="014Timer_PWM_LED.map" -Wl,--gc-sections -static --specs=nano.specs -mfpu=fpv4-sp-d16 -mfloat-abi=hard -mthumb -Wl,--start-group -lc -lm -Wl,--end-group
Finished building target: 014Timer_PWM_LED.elf
 
arm-none-eabi-size   014Timer_PWM_LED.elf 
arm-none-eabi-objdump -h -S  014Timer_PWM_LED.elf  > "014Timer_PWM_LED.list"
arm-none-eabi-objcopy  -O binary  014Timer_PWM_LED.elf  "014Timer_PWM_LED.bin"
   text	   data	    bss	    dec	    hex	filename
  10532	     20	   1708	  12260	   2fe4	014Timer_PWM_LED.elf
Finished building: default.size.stdout
 
Finished building: 014Timer_PWM_LED.list
Finished building: 014Timer_PWM_LED.bin
 
 
18:47:33 **** Incremental Build of configuration Debug for project 014Timer_PWM_LED ****
make -j12 all 
arm-none-eabi-gcc "../Core/Src/main.c" -mcpu=cortex-m4 -std=gnu11 -g3 -DDEBUG -DUSE_HAL_DRIVER -DSTM32F407xx -c -I../USB_HOST/App -I../USB_HOST/Target -I../Core/Inc -I../Drivers/STM32F4xx_HAL_Driver/Inc -I../Drivers/STM32F4xx_HAL_Driver/Inc/Legacy -I../Middlewares/ST/STM32_USB_Host_Library/Core/Inc -I../Middlewares/ST/STM32_USB_Host_Library/Class/CDC/Inc -I../Drivers/CMSIS/Device/ST/STM32F4xx/Include -I../Drivers/CMSIS/Include -O0 -ffunction-sections -fdata-sections -Wall -fstack-usage -MMD -MP -MF"Core/Src/main.d" -MT"Core/Src/main.o" --specs=nano.specs -mfpu=fpv4-sp-d16 -mfloat-abi=hard -mthumb -o "Core/Src/main.o"
arm-none-eabi-gcc -o "014Timer_PWM_LED.elf" @"objects.list"   -mcpu=cortex-m4 -T"C:\Users\umurd\Desktop\MCU2\014Timer_PWM_LED\STM32F407VGTX_FLASH.ld" --specs=nosys.specs -Wl,-Map="014Timer_PWM_LED.map" -Wl,--gc-sections -static --specs=nano.specs -mfpu=fpv4-sp-d16 -mfloat-abi=hard -mthumb -Wl,--start-group -lc -lm -Wl,--end-group
Finished building target: 014Timer_PWM_LED.elf
 
arm-none-eabi-size   014Timer_PWM_LED.elf 
arm-none-eabi-objdump -h -S  014Timer_PWM_LED.elf  > "014Timer_PWM_LED.list"
arm-none-eabi-objcopy  -O binary  014Timer_PWM_LED.elf  "014Timer_PWM_LED.bin"
   text	   data	    bss	    dec	    hex	filename
  10576	     20	   1708	  12304	   3010	014Timer_PWM_LED.elf
Finished building: default.size.stdout
 
Finished building: 014Timer_PWM_LED.bin
 
Finished building: 014Timer_PWM_LED.list
 
18:47:36 **** Incremental Build of configuration Debug for project 014Timer_PWM_LED ****
make -j12 all 
arm-none-eabi-size   014Timer_PWM_LED.elf 
   text	   data	    bss	    dec	    hex	filename
  10576	     20	   1708	  12304	   3010	014Timer_PWM_LED.elf
Finished building: default.size.stdout
 
18:47:42 **** Incremental Build of configuration Debug for project 014Timer_PWM_LED ****
make -j12 all 
arm-none-eabi-size   014Timer_PWM_LED.elf 
   text	   data	    bss	    dec	    hex	filename
  10576	     20	   1708	  12304	   3010	014Timer_PWM_LED.elf
Finished building: default.size.stdout
 
18:48:03 **** Incremental Build of configuration Debug for project 014Timer_PWM_LED ****
make -j12 all 
arm-none-eabi-gcc "../Core/Src/main.c" -mcpu=cortex-m4 -std=gnu11 -g3 -DDEBUG -DUSE_HAL_DRIVER -DSTM32F407xx -c -I../USB_HOST/App -I../USB_HOST/Target -I../Core/Inc -I../Drivers/STM32F4xx_HAL_Driver/Inc -I../Drivers/STM32F4xx_HAL_Driver/Inc/Legacy -I../Middlewares/ST/STM32_USB_Host_Library/Core/Inc -I../Middlewares/ST/STM32_USB_Host_Library/Class/CDC/Inc -I../Drivers/CMSIS/Device/ST/STM32F4xx/Include -I../Drivers/CMSIS/Include -O0 -ffunction-sections -fdata-sections -Wall -fstack-usage -MMD -MP -MF"Core/Src/main.d" -MT"Core/Src/main.o" --specs=nano.specs -mfpu=fpv4-sp-d16 -mfloat-abi=hard -mthumb -o "Core/Src/main.o"
arm-none-eabi-gcc -o "014Timer_PWM_LED.elf" @"objects.list"   -mcpu=cortex-m4 -T"C:\Users\umurd\Desktop\MCU2\014Timer_PWM_LED\STM32F407VGTX_FLASH.ld" --specs=nosys.specs -Wl,-Map="014Timer_PWM_LED.map" -Wl,--gc-sections -static --specs=nano.specs -mfpu=fpv4-sp-d16 -mfloat-abi=hard -mthumb -Wl,--start-group -lc -lm -Wl,--end-group
Finished building target: 014Timer_PWM_LED.elf
 
arm-none-eabi-size   014Timer_PWM_LED.elf 
arm-none-eabi-objdump -h -S  014Timer_PWM_LED.elf  > "014Timer_PWM_LED.list"
arm-none-eabi-objcopy  -O binary  014Timer_PWM_LED.elf  "014Timer_PWM_LED.bin"
   text	   data	    bss	    dec	    hex	filename
  10576	     20	   1708	  12304	   3010	014Timer_PWM_LED.elf
Finished building: default.size.stdout
 
Finished building: 014Timer_PWM_LED.bin
 
Finished building: 014Timer_PWM_LED.list
 
18:48:28 **** Incremental Build of configuration Debug for project 014Timer_PWM_LED ****
make -j12 all 
arm-none-eabi-gcc "../Core/Src/main.c" -mcpu=cortex-m4 -std=gnu11 -g3 -DDEBUG -DUSE_HAL_DRIVER -DSTM32F407xx -c -I../USB_HOST/App -I../USB_HOST/Target -I../Core/Inc -I../Drivers/STM32F4xx_HAL_Driver/Inc -I../Drivers/STM32F4xx_HAL_Driver/Inc/Legacy -I../Middlewares/ST/STM32_USB_Host_Library/Core/Inc -I../Middlewares/ST/STM32_USB_Host_Library/Class/CDC/Inc -I../Drivers/CMSIS/Device/ST/STM32F4xx/Include -I../Drivers/CMSIS/Include -O0 -ffunction-sections -fdata-sections -Wall -fstack-usage -MMD -MP -MF"Core/Src/main.d" -MT"Core/Src/main.o" --specs=nano.specs -mfpu=fpv4-sp-d16 -mfloat-abi=hard -mthumb -o "Core/Src/main.o"
arm-none-eabi-gcc -o "014Timer_PWM_LED.elf" @"objects.list"   -mcpu=cortex-m4 -T"C:\Users\umurd\Desktop\MCU2\014Timer_PWM_LED\STM32F407VGTX_FLASH.ld" --specs=nosys.specs -Wl,-Map="014Timer_PWM_LED.map" -Wl,--gc-sections -static --specs=nano.specs -mfpu=fpv4-sp-d16 -mfloat-abi=hard -mthumb -Wl,--start-group -lc -lm -Wl,--end-group
Finished building target: 014Timer_PWM_LED.elf
 
arm-none-eabi-size   014Timer_PWM_LED.elf 
arm-none-eabi-objdump -h -S  014Timer_PWM_LED.elf  > "014Timer_PWM_LED.list"
arm-none-eabi-objcopy  -O binary  014Timer_PWM_LED.elf  "014Timer_PWM_LED.bin"
   text	   data	    bss	    dec	    hex	filename
  10576	     20	   1708	  12304	   3010	014Timer_PWM_LED.elf
Finished building: default.size.stdout
 
Finished building: 014Timer_PWM_LED.list
Finished building: 014Timer_PWM_LED.bin
 
 
18:48:32 **** Incremental Build of configuration Debug for project 014Timer_PWM_LED ****
make -j12 all 
arm-none-eabi-size   014Timer_PWM_LED.elf 
   text	   data	    bss	    dec	    hex	filename
  10576	     20	   1708	  12304	   3010	014Timer_PWM_LED.elf
Finished building: default.size.stdout
 
18:48:48 **** Incremental Build of configuration Debug for project 014Timer_PWM_LED ****
make -j12 all 
arm-none-eabi-gcc "../Core/Src/main.c" -mcpu=cortex-m4 -std=gnu11 -g3 -DDEBUG -DUSE_HAL_DRIVER -DSTM32F407xx -c -I../USB_HOST/App -I../USB_HOST/Target -I../Core/Inc -I../Drivers/STM32F4xx_HAL_Driver/Inc -I../Drivers/STM32F4xx_HAL_Driver/Inc/Legacy -I../Middlewares/ST/STM32_USB_Host_Library/Core/Inc -I../Middlewares/ST/STM32_USB_Host_Library/Class/CDC/Inc -I../Drivers/CMSIS/Device/ST/STM32F4xx/Include -I../Drivers/CMSIS/Include -O0 -ffunction-sections -fdata-sections -Wall -fstack-usage -MMD -MP -MF"Core/Src/main.d" -MT"Core/Src/main.o" --specs=nano.specs -mfpu=fpv4-sp-d16 -mfloat-abi=hard -mthumb -o "Core/Src/main.o"
arm-none-eabi-gcc -o "014Timer_PWM_LED.elf" @"objects.list"   -mcpu=cortex-m4 -T"C:\Users\umurd\Desktop\MCU2\014Timer_PWM_LED\STM32F407VGTX_FLASH.ld" --specs=nosys.specs -Wl,-Map="014Timer_PWM_LED.map" -Wl,--gc-sections -static --specs=nano.specs -mfpu=fpv4-sp-d16 -mfloat-abi=hard -mthumb -Wl,--start-group -lc -lm -Wl,--end-group
Finished building target: 014Timer_PWM_LED.elf
 
arm-none-eabi-size   014Timer_PWM_LED.elf 
arm-none-eabi-objdump -h -S  014Timer_PWM_LED.elf  > "014Timer_PWM_LED.list"
arm-none-eabi-objcopy  -O binary  014Timer_PWM_LED.elf  "014Timer_PWM_LED.bin"
   text	   data	    bss	    dec	    hex	filename
  10576	     20	   1708	  12304	   3010	014Timer_PWM_LED.elf
Finished building: 014Timer_PWM_LED.bin
 
Finished building: 014Timer_PWM_LED.list
 
Finished building: default.size.stdout
 
18:49:23 **** Incremental Build of configuration Debug for project 014Timer_PWM_LED ****
make -j12 all 
arm-none-eabi-gcc "../Core/Src/main.c" -mcpu=cortex-m4 -std=gnu11 -g3 -DDEBUG -DUSE_HAL_DRIVER -DSTM32F407xx -c -I../USB_HOST/App -I../USB_HOST/Target -I../Core/Inc -I../Drivers/STM32F4xx_HAL_Driver/Inc -I../Drivers/STM32F4xx_HAL_Driver/Inc/Legacy -I../Middlewares/ST/STM32_USB_Host_Library/Core/Inc -I../Middlewares/ST/STM32_USB_Host_Library/Class/CDC/Inc -I../Drivers/CMSIS/Device/ST/STM32F4xx/Include -I../Drivers/CMSIS/Include -O0 -ffunction-sections -fdata-sections -Wall -fstack-usage -MMD -MP -MF"Core/Src/main.d" -MT"Core/Src/main.o" --specs=nano.specs -mfpu=fpv4-sp-d16 -mfloat-abi=hard -mthumb -o "Core/Src/main.o"
arm-none-eabi-gcc -o "014Timer_PWM_LED.elf" @"objects.list"   -mcpu=cortex-m4 -T"C:\Users\umurd\Desktop\MCU2\014Timer_PWM_LED\STM32F407VGTX_FLASH.ld" --specs=nosys.specs -Wl,-Map="014Timer_PWM_LED.map" -Wl,--gc-sections -static --specs=nano.specs -mfpu=fpv4-sp-d16 -mfloat-abi=hard -mthumb -Wl,--start-group -lc -lm -Wl,--end-group
Finished building target: 014Timer_PWM_LED.elf
 
arm-none-eabi-size   014Timer_PWM_LED.elf 
arm-none-eabi-objdump -h -S  014Timer_PWM_LED.elf  > "014Timer_PWM_LED.list"
arm-none-eabi-objcopy  -O binary  014Timer_PWM_LED.elf  "014Timer_PWM_LED.bin"
   text	   data	    bss	    dec	    hex	filename
  10572	     20	   1708	  12300	   300c	014Timer_PWM_LED.elf
Finished building: default.size.stdout
Finished building: 014Timer_PWM_LED.bin
 
 
Finished building: 014Timer_PWM_LED.list
 
18:50:09 **** Incremental Build of configuration Debug for project 014Timer_PWM_LED ****
make -j12 all 
arm-none-eabi-gcc "../Core/Src/main.c" -mcpu=cortex-m4 -std=gnu11 -g3 -DDEBUG -DUSE_HAL_DRIVER -DSTM32F407xx -c -I../USB_HOST/App -I../USB_HOST/Target -I../Core/Inc -I../Drivers/STM32F4xx_HAL_Driver/Inc -I../Drivers/STM32F4xx_HAL_Driver/Inc/Legacy -I../Middlewares/ST/STM32_USB_Host_Library/Core/Inc -I../Middlewares/ST/STM32_USB_Host_Library/Class/CDC/Inc -I../Drivers/CMSIS/Device/ST/STM32F4xx/Include -I../Drivers/CMSIS/Include -O0 -ffunction-sections -fdata-sections -Wall -fstack-usage -MMD -MP -MF"Core/Src/main.d" -MT"Core/Src/main.o" --specs=nano.specs -mfpu=fpv4-sp-d16 -mfloat-abi=hard -mthumb -o "Core/Src/main.o"
arm-none-eabi-gcc -o "014Timer_PWM_LED.elf" @"objects.list"   -mcpu=cortex-m4 -T"C:\Users\umurd\Desktop\MCU2\014Timer_PWM_LED\STM32F407VGTX_FLASH.ld" --specs=nosys.specs -Wl,-Map="014Timer_PWM_LED.map" -Wl,--gc-sections -static --specs=nano.specs -mfpu=fpv4-sp-d16 -mfloat-abi=hard -mthumb -Wl,--start-group -lc -lm -Wl,--end-group
Finished building target: 014Timer_PWM_LED.elf
 
arm-none-eabi-size   014Timer_PWM_LED.elf 
arm-none-eabi-objdump -h -S  014Timer_PWM_LED.elf  > "014Timer_PWM_LED.list"
arm-none-eabi-objcopy  -O binary  014Timer_PWM_LED.elf  "014Timer_PWM_LED.bin"
   text	   data	    bss	    dec	    hex	filename
  10572	     20	   1708	  12300	   300c	014Timer_PWM_LED.elf
Finished building: default.size.stdout
 
Finished building: 014Timer_PWM_LED.bin
 
Finished building: 014Timer_PWM_LED.list
 
18:50:20 **** Incremental Build of configuration Debug for project 014Timer_PWM_LED ****
make -j12 all 
arm-none-eabi-gcc "../Core/Src/main.c" -mcpu=cortex-m4 -std=gnu11 -g3 -DDEBUG -DUSE_HAL_DRIVER -DSTM32F407xx -c -I../USB_HOST/App -I../USB_HOST/Target -I../Core/Inc -I../Drivers/STM32F4xx_HAL_Driver/Inc -I../Drivers/STM32F4xx_HAL_Driver/Inc/Legacy -I../Middlewares/ST/STM32_USB_Host_Library/Core/Inc -I../Middlewares/ST/STM32_USB_Host_Library/Class/CDC/Inc -I../Drivers/CMSIS/Device/ST/STM32F4xx/Include -I../Drivers/CMSIS/Include -O0 -ffunction-sections -fdata-sections -Wall -fstack-usage -MMD -MP -MF"Core/Src/main.d" -MT"Core/Src/main.o" --specs=nano.specs -mfpu=fpv4-sp-d16 -mfloat-abi=hard -mthumb -o "Core/Src/main.o"
arm-none-eabi-gcc -o "014Timer_PWM_LED.elf" @"objects.list"   -mcpu=cortex-m4 -T"C:\Users\umurd\Desktop\MCU2\014Timer_PWM_LED\STM32F407VGTX_FLASH.ld" --specs=nosys.specs -Wl,-Map="014Timer_PWM_LED.map" -Wl,--gc-sections -static --specs=nano.specs -mfpu=fpv4-sp-d16 -mfloat-abi=hard -mthumb -Wl,--start-group -lc -lm -Wl,--end-group
Finished building target: 014Timer_PWM_LED.elf
 
arm-none-eabi-size   014Timer_PWM_LED.elf 
arm-none-eabi-objdump -h -S  014Timer_PWM_LED.elf  > "014Timer_PWM_LED.list"
arm-none-eabi-objcopy  -O binary  014Timer_PWM_LED.elf  "014Timer_PWM_LED.bin"
   text	   data	    bss	    dec	    hex	filename
  10572	     20	   1708	  12300	   300c	014Timer_PWM_LED.elf
Finished building: default.size.stdout
 
Finished building: 014Timer_PWM_LED.bin
 
Finished building: 014Timer_PWM_LED.list
 
18:50:25 **** Incremental Build of configuration Debug for project 014Timer_PWM_LED ****
make -j12 all 
arm-none-eabi-size   014Timer_PWM_LED.elf 
   text	   data	    bss	    dec	    hex	filename
  10572	     20	   1708	  12300	   300c	014Timer_PWM_LED.elf
Finished building: default.size.stdout
 
18:53:19 **** Incremental Build of configuration Debug for project 014Timer_PWM_LED ****
make -j12 all 
arm-none-eabi-gcc "../Core/Src/main.c" -mcpu=cortex-m4 -std=gnu11 -g3 -DDEBUG -DUSE_HAL_DRIVER -DSTM32F407xx -c -I../USB_HOST/App -I../USB_HOST/Target -I../Core/Inc -I../Drivers/STM32F4xx_HAL_Driver/Inc -I../Drivers/STM32F4xx_HAL_Driver/Inc/Legacy -I../Middlewares/ST/STM32_USB_Host_Library/Core/Inc -I../Middlewares/ST/STM32_USB_Host_Library/Class/CDC/Inc -I../Drivers/CMSIS/Device/ST/STM32F4xx/Include -I../Drivers/CMSIS/Include -O0 -ffunction-sections -fdata-sections -Wall -fstack-usage -MMD -MP -MF"Core/Src/main.d" -MT"Core/Src/main.o" --specs=nano.specs -mfpu=fpv4-sp-d16 -mfloat-abi=hard -mthumb -o "Core/Src/main.o"
arm-none-eabi-gcc -o "014Timer_PWM_LED.elf" @"objects.list"   -mcpu=cortex-m4 -T"C:\Users\umurd\Desktop\MCU2\014Timer_PWM_LED\STM32F407VGTX_FLASH.ld" --specs=nosys.specs -Wl,-Map="014Timer_PWM_LED.map" -Wl,--gc-sections -static --specs=nano.specs -mfpu=fpv4-sp-d16 -mfloat-abi=hard -mthumb -Wl,--start-group -lc -lm -Wl,--end-group
Finished building target: 014Timer_PWM_LED.elf
 
arm-none-eabi-size   014Timer_PWM_LED.elf 
arm-none-eabi-objdump -h -S  014Timer_PWM_LED.elf  > "014Timer_PWM_LED.list"
arm-none-eabi-objcopy  -O binary  014Timer_PWM_LED.elf  "014Timer_PWM_LED.bin"
   text	   data	    bss	    dec	    hex	filename
  10572	     20	   1708	  12300	   300c	014Timer_PWM_LED.elf
Finished building: default.size.stdout
Finished building: 014Timer_PWM_LED.list
 
 
Finished building: 014Timer_PWM_LED.bin
 
18:53:33 **** Incremental Build of configuration Debug for project 014Timer_PWM_LED ****
make -j12 all 
arm-none-eabi-size   014Timer_PWM_LED.elf 
   text	   data	    bss	    dec	    hex	filename
  10572	     20	   1708	  12300	   300c	014Timer_PWM_LED.elf
Finished building: default.size.stdout
 
